Component: ARM Compiler 5.06 update 6 (build 750) Tool: armlink [4d35ed]

==============================================================================

Section Cross References

    main.o(.text) refers to sht31.o(.text) for Sht31_Updata
    main.o(.text) refers to delay.o(.text) for delay_ms
    main.o(.text) refers to misc.o(.text) for NVIC_PriorityGroupConfig
    main.o(.text) refers to sys.o(.text) for RCC_Configuration
    main.o(.text) refers to usart.o(.text) for USART1_Init
    main.o(.text) refers to rtc.o(.text) for RTC_Config
    main.o(.text) refers to tim.o(.text) for TIM3_Init
    main.o(.text) refers to adc.o(.text) for ADC_Configuration
    main.o(.text) refers to mcu_api.o(.text) for wifi_protocol_init
    main.o(.text) refers to 03wtc.o(.data) for All
    main.o(.text) refers to main.o(.data) for flag
    system_stm32f10x.o(.text) refers to system_stm32f10x.o(.data) for SystemCoreClock
    led.o(.text) refers to stm32f10x_rcc.o(.text) for RCC_APB2PeriphClockCmd
    led.o(.text) refers to stm32f10x_gpio.o(.text) for GPIO_Init
    key.o(.text) refers to stm32f10x_rcc.o(.text) for RCC_APB2PeriphClockCmd
    key.o(.text) refers to stm32f10x_gpio.o(.text) for GPIO_Init
    03wtc.o(.text) refers to stm32f10x_usart.o(.text) for USART_SendData
    03wtc.o(.text) refers to memseta.o(.text) for __aeabi_memclr4
    03wtc.o(.text) refers to logic.o(.text) for Key_ID_Execute
    03wtc.o(.text) refers to 03wtc.o(.constdata) for .constdata
    sht31.o(.text) refers to iic.o(.text) for IIC_Start
    sht31.o(.text) refers to delay.o(.text) for delay_ms
    sht31.o(.text) refers to 03wtc.o(.text) for Data_set
    sht31.o(.text) refers to mcu_api.o(.text) for mcu_dp_value_update
    sht31.o(.text) refers to sht31.o(.data) for rxbufsht31
    logic.o(.text) refers to 03wtc.o(.text) for Icon_set
    logic.o(.text) refers to mcu_api.o(.text) for mcu_dp_bool_update
    logic.o(.text) refers to memseta.o(.text) for __aeabi_memclr4
    logic.o(.text) refers to dfltui.o(.text) for __aeabi_ui2d
    logic.o(.text) refers to ddiv.o(.text) for __aeabi_ddiv
    logic.o(.text) refers to dmul.o(.text) for __aeabi_dmul
    logic.o(.text) refers to d2f.o(.text) for __aeabi_d2f
    logic.o(.text) refers to f2d.o(.text) for __aeabi_f2d
    logic.o(.text) refers to cdcmple.o(.text) for __aeabi_cdcmple
    logic.o(.text) refers to cdrcmple.o(.text) for __aeabi_cdrcmple
    logic.o(.text) refers to 03wtc.o(.data) for All
    logic.o(.text) refers to logic.o(.data) for status
    logic.o(.text) refers to adc.o(.data) for ADC_DMA_IN
    logic.o(.text) refers to dadd.o(.text) for __aeabi_dadd
    logic.o(.text) refers to dfixui.o(.text) for __aeabi_d2uiz
    logic.o(.text) refers to dflti.o(.text) for __aeabi_i2d
    logic.o(.text) refers to cfcmple.o(.text) for __aeabi_cfcmpeq
    logic.o(.text) refers to ffixui.o(.text) for __aeabi_f2uiz
    ble.o(.text) refers to load.o(i.json_loads) for json_loads
    ble.o(.text) refers to value.o(i.json_object_get) for json_object_get
    ble.o(.text) refers to value.o(i.json_integer_value) for json_integer_value
    ble.o(.text) refers to value.o(i.json_delete) for json_delete
    ble.o(.text) refers to 03wtc.o(.text) for Data_set
    ble.o(.text) refers to dflti.o(.text) for __aeabi_i2d
    ble.o(.text) refers to dmul.o(.text) for __aeabi_dmul
    ble.o(.text) refers to dfixui.o(.text) for __aeabi_d2uiz
    ble.o(.text) refers to ble.o(.data) for up_net
    sys.o(.text) refers to stm32f10x_rcc.o(.text) for RCC_DeInit
    sys.o(.text) refers to stm32f10x_flash.o(.text) for FLASH_SetLatency
    sys.o(.text) refers to misc.o(.text) for NVIC_Init
    usart.o(.text) refers to stm32f10x_usart.o(.text) for USART_ClearITPendingBit
    usart.o(.text) refers to printfa.o(i.__0vsnprintf) for vsnprintf
    usart.o(.text) refers to strlen.o(.text) for strlen
    usart.o(.text) refers to stm32f10x_rcc.o(.text) for RCC_APB2PeriphClockCmd
    usart.o(.text) refers to stm32f10x_gpio.o(.text) for GPIO_Init
    usart.o(.text) refers to memseta.o(.text) for __aeabi_memclr
    usart.o(.text) refers to ble.o(.text) for PC_Data
    usart.o(.text) refers to logic.o(.text) for Notes_Data
    usart.o(.text) refers to mcu_api.o(.text) for uart_receive_input
    usart.o(.text) refers to usart.o(.data) for flage
    usart.o(.text) refers to usart.o(.bss) for USART1_RX_BUF
    usart.o(.text) refers to 03wtc.o(.data) for All
    usart.o(.text) refers to 03wtc.o(.text) for Recieve_Data
    rtc.o(.text) refers to stm32f10x_rcc.o(.text) for RCC_APB1PeriphClockCmd
    rtc.o(.text) refers to stm32f10x_pwr.o(.text) for PWR_BackupAccessCmd
    rtc.o(.text) refers to stm32f10x_bkp.o(.text) for BKP_DeInit
    rtc.o(.text) refers to stm32f10x_rtc.o(.text) for RTC_WaitForSynchro
    rtc.o(.text) refers to 03wtc.o(.text) for RTC_SET
    rtc.o(.text) refers to logic.o(.text) for BAT_Show
    rtc.o(.text) refers to ble.o(.text) for PC_Show
    rtc.o(.text) refers to rtc.o(.constdata) for table_week
[...]
    RTC_SET                                  0x080005fd   Thumb Code    68  03wtc.o(.text)
    Recieve_Data                             0x08000641   Thumb Code    70  03wtc.o(.text)
    Read_register                            0x08000687   Thumb Code    30  03wtc.o(.text)
    Get_Crc8                                 0x080006ad   Thumb Code    56  sht31.o(.text)
    Cmd_Write_sht31                          0x080006e5   Thumb Code    70  sht31.o(.text)
    Read_sht31                               0x0800072b   Thumb Code   194  sht31.o(.text)
    Sht31_Updata                             0x080007ed   Thumb Code    54  sht31.o(.text)
    Sht31_Init                               0x08000823   Thumb Code     8  sht31.o(.text)
    LED_config                               0x08000839   Thumb Code    60  logic.o(.text)
    Lock_config                              0x08000875   Thumb Code    60  logic.o(.text)
    Light_config                             0x080008b1   Thumb Code    44  logic.o(.text)
    Notes1_config                            0x080008dd   Thumb Code    44  logic.o(.text)
    Notes2_config                            0x08000909   Thumb Code    44  logic.o(.text)
    Notes3_config                            0x08000935   Thumb Code    44  logic.o(.text)
    Notes4_config                            0x08000961   Thumb Code    44  logic.o(.text)
    Weather_ICON                             0x0800098d   Thumb Code   182  logic.o(.text)
    Weather_show                             0x08000a43   Thumb Code    28  logic.o(.text)
    Key_ID_Execute                           0x08000a5f   Thumb Code   150  logic.o(.text)
    Notes_Data                               0x08000af5   Thumb Code   118  logic.o(.text)
    BAT_Show                                 0x08000b6b   Thumb Code   334  logic.o(.text)
    filter                                   0x08000cb9   Thumb Code    64  logic.o(.text)
    auto_light                               0x08000cf9   Thumb Code    84  logic.o(.text)
    Wifi_Ble_Show                            0x08000d4d   Thumb Code    70  logic.o(.text)
    PC_Data                                  0x08000db9   Thumb Code   174  ble.o(.text)
    PC_Show                                  0x08000e67   Thumb Code   264  ble.o(.text)
    delay_us                                 0x08000fc9   Thumb Code    46  delay.o(.text)
    delay_ms                                 0x08000ff7   Thumb Code    26  delay.o(.text)
    delay_s                                  0x08001011   Thumb Code    26  delay.o(.text)
    WFI_SET                                  0x0800102b   Thumb Code     4  sys.o(.text)
    INTX_DISABLE                             0x0800102f   Thumb Code     4  sys.o(.text)
    INTX_ENABLE                              0x08001033   Thumb Code     4  sys.o(.text)
    RCC_Configuration                        0x08001037   Thumb Code   100  sys.o(.text)
    NVIC_Configuartion                       0x0800109b   Thumb Code   168  sys.o(.text)
    _sys_exit                                0x08001145   Thumb Code     4  usart.o(.text)
    fputc                                    0x08001149   Thumb Code    54  usart.o(.text)
    USART1_printf                            0x0800117f   Thumb Code    82  usart.o(.text)
    USART1_Init                              0x080011d1   Thumb Code   136  usart.o(.text)
    USART1_IRQHandler                        0x08001259   Thumb Code   232  usart.o(.text)
    USART2_printf                            0x08001341   Thumb Code    86  usart.o(.text)
    USART2_Init                              0x08001397   Thumb Code   126  usart.o(.text)
    USART2_IRQHandler                        0x08001415   Thumb Code    38  usart.o(.text)
    USART3_printf                            0x0800143b   Thumb Code    82  usart.o(.text)
    USART3_Init                              0x0800148d   Thumb Code   142  usart.o(.text)
    USART3_IRQHandler                        0x0800151b   Thumb Code   172  usart.o(.text)
    RTC_First_Config                         0x080015d9   Thumb Code    88  rtc.o(.text)
    RTC_Config                               0x08001631   Thumb Code    84  rtc.o(.text)
    RTC_Get_Week                             0x08001685   Thumb Code   116  rtc.o(.text)
    Is_Leap_Year                             0x080016f9   Thumb Code    58  rtc.o(.text)
    RTC_Get                                  0x08001733   Thumb Code   246  rtc.o(.text)
    RTC_IRQHandler                           0x08001829   Thumb Code    92  rtc.o(.text)
    RTCAlarm_IRQHandler                      0x08001885   Thumb Code    20  rtc.o(.text)
    RTC_Set                                  0x08001899   Thumb Code   180  rtc.o(.text)
    IIC_Init                                 0x08001985   Thumb Code    50  iic.o(.text)
    IIC_Start                                0x080019b7   Thumb Code    68  iic.o(.text)
    IIC_Stop                                 0x080019fb   Thumb Code    62  iic.o(.text)
    IIC_Wait_Ack                             0x08001a39   Thumb Code    86  iic.o(.text)
    IIC_Ack                                  0x08001a8f   Thumb Code    66  iic.o(.text)
    IIC_NAck                                 0x08001ad1   Thumb Code    66  iic.o(.text)
    IIC_Send_Byte                            0x08001b13   Thumb Code    90  iic.o(.text)
    IIC_Read_Byte                            0x08001b6d   Thumb Code    98  iic.o(.text)
    ADC_DMA_Init                             0x08001bdd   Thumb Code    74  adc.o(.text)
    ADC_GPIO_Init                            0x08001c27   Thumb Code    40  adc.o(.text)
    ADC_Configuration                        0x08001c4f   Thumb Code   158  adc.o(.text)
    TIM3_Init                                0x08001cfd   Thumb Code    60  tim.o(.text)
    TIM4_Init                                0x08001d39   Thumb Code    60  tim.o(.text)
    TIM3_IRQHandler                          0x08001d75   Thumb Code   102  tim.o(.text)
    TIM4_IRQHandler                          0x08001ddb   Thumb Code    68  tim.o(.text)
    Reset_Handler                            0x08001e31   Thumb Code     8  startup_stm32f10x_hd.o(.text)
    ADC1_2_IRQHandler                        0x08001e4b   Thumb Code     0  startup_stm32f10x_hd.o(.text)
    ADC3_IRQHandler                          0x08001e4b   Thumb Code     0  startup_stm32f10x_hd.o(.text)
    CAN1_RX1_IRQHandler                      0x08001e4b   Thumb Code     0  startup_stm32f10x_hd.o(.text)
    CAN1_SCE_IRQHandler                      0x08001e4b   Thumb Code     0  startup_stm32f10x_hd.o(.text)
    DMA1_Channel1_IRQHandler                 0x08001e4b   Thumb Code     0  startup_stm32f10x_hd.o(.text)
    DMA1_Channel2_IRQHandler                 0x08001e4b   Thumb Code     0  startup_stm32f10x_hd.o(.text)
    DMA1_Channel3_IRQHandler                 0x08001e4b   Thumb Code     0  startup_stm32f10x_hd.o(.text)
    DMA1_Channel4_IRQHandler                 0x08001e4b   Thumb Code     0  startup_stm32f10x_hd.o(.text)
    DMA1_Channel5_IRQHandler                 0x08001e4b   Thumb Code     0  startup_stm32f10x_hd.o(.text)
    DMA1_Channel6_IRQHandler                 0x08001e4b   Thumb Code     0  startup_stm32f10x_hd.o(.text)
    DMA1_Channel7_IRQHandler                 0x08001e4b   Thumb Code     0  startup_stm32f10x_hd.o(.text)
    DMA2_Channel1_IRQHandler                 0x08001e4b   Thumb Code     0  startup_stm32f10x_hd.o(.text)
    DMA2_Channel2_IRQHandler                 0x08001e4b   Thumb Code     0  startup_stm32f10x_hd.o(.text)
    DMA2_Channel3_IRQHandler                 0x08001e4b   Thumb Code     0  startup_stm32f10x_hd.o(.text)
    DMA2_Channel4_5_IRQHandler               0x08001e4b   Thumb Code     0  startup_stm32f10x_hd.o(.text)
    EXTI0_IRQHandler                         0x08001e4b   Thumb Code     0  startup_stm32f10x_hd.o(.text)
    EXTI15_10_IRQHandler                     0x08001e4b   Thumb Code     0  startup_stm32f10x_hd.o(.text)
    EXTI1_IRQHandler                         0x08001e4b   Thumb Code     0  startup_stm32f10x_hd.o(.text)
    EXTI2_IRQHandler                         0x08001e4b   Thumb Code     0  startup_stm32f10x_hd.o(.text)
    EXTI3_IRQHandler                         0x08001e4b   Thumb Code     0  startup_stm32f10x_hd.o(.text)
    EXTI4_IRQHandler                         0x08001e4b   Thumb Code     0  startup_stm32f10x_hd.o(.text)
    EXTI9_5_IRQHandler                       0x08001e4b   Thumb Code     0  startup_stm32f10x_hd.o(.text)
    FLASH_IRQHandler                         0x08001e4b   Thumb Code     0  startup_stm32f10x_hd.o(.text)
    FSMC_IRQHandler                          0x08001e4b   Thumb Code     0  startup_stm32f10x_hd.o(.text)
    I2C1_ER_IRQHandler                       0x08001e4b   Thumb Code     0  startup_stm32f10x_hd.o(.text)
    I2C1_EV_IRQHandler                       0x08001e4b   Thumb Code     0  startup_stm32f10x_hd.o(.text)
    I2C2_ER_IRQHandler                       0x08001e4b   Thumb Code     0  startup_stm32f10x_hd.o(.text)
    I2C2_EV_IRQHandler                       0x08001e4b   Thumb Code     0  startup_stm32f10x_hd.o(.text)
    PVD_IRQHandler                           0x08001e4b   Thumb Code     0  startup_stm32f10x_hd.o(.text)
    RCC_IRQHandler                           0x08001e4b   Thumb Code     0  startup_stm32f10x_hd.o(.text)
    SDIO_IRQHandler                          0x08001e4b   Thumb Code     0  startup_stm32f10x_hd.o(.text)
    SPI1_IRQHandler                          0x08001e4b   Thumb Code     0  startup_stm32f10x_hd.o(.text)
    SPI2_IRQHandler                          0x08001e4b   Thumb Code     0  startup_stm32f10x_hd.o(.text)
    SPI3_IRQHandler                          0x08001e4b   Thumb Code     0  startup_stm32f10x_hd.o(.text)
    TAMPER_IRQHandler                        0x08001e4b   Thumb Code     0  startup_stm32f10x_hd.o(.text)
    TIM1_BRK_IRQHandler                      0x08001e4b   Thumb Code     0  startup_stm32f10x_hd.o(.text)
    TIM1_CC_IRQHandler                       0x08001e4b   Thumb Code     0  startup_stm32f10x_hd.o(.text)
    TIM1_TRG_COM_IRQHandler                  0x08001e4b   Thumb Code     0  startup_stm32f10x_hd.o(.text)
    TIM1_UP_IRQHandler                       0x08001e4b   Thumb Code     0  startup_stm32f10x_hd.o(.text)
    TIM2_IRQHandler                          0x08001e4b   Thumb Code     0  startup_stm32f10x_hd.o(.text)
    TIM5_IRQHandler                          0x08001e4b   Thumb Code     0  startup_stm32f10x_hd.o(.text)
    TIM6_IRQHandler                          0x08001e4b   Thumb Code     0  startup_stm32f10x_hd.o(.text)
    TIM7_IRQHandler                          0x08001e4b   Thumb Code     0  startup_stm32f10x_hd.o(.text)
    TIM8_BRK_IRQHandler                      0x08001e4b   Thumb Code     0  startup_stm32f10x_hd.o(.text)
    TIM8_CC_IRQHandler                       0x08001e4b   Thumb Code     0  startup_stm32f10x_hd.o(.text)
    TIM8_TRG_COM_IRQHandler                  0x08001e4b   Thumb Code     0  startup_stm32f10x_hd.o(.text)
    TIM8_UP_IRQHandler                       0x08001e4b   Thumb Code     0  startup_stm32f10x_hd.o(.text)
    UART4_IRQHandler                         0x08001e4b   Thumb Code     0  startup_stm32f10x_hd.o(.text)
    UART5_IRQHandler                         0x08001e4b   Thumb Code     0  startup_stm32f10x_hd.o(.text)
    USBWakeUp_IRQHandler                     0x08001e4b   Thumb Code     0  startup_stm32f10x_hd.o(.text)
    USB_HP_CAN1_TX_IRQHandler                0x08001e4b   Thumb Code     0  startup_stm32f10x_hd.o(.text)
    USB_LP_CAN1_RX0_IRQHandler               0x08001e4b   Thumb Code     0  startup_stm32f10x_hd.o(.text)
    WWDG_IRQHandler                          0x08001e4b   Thumb Code     0  startup_stm32f10x_hd.o(.text)
    NVIC_PriorityGroupConfig                 0x08001e55   Thumb Code    10  misc.o(.text)
    NVIC_Init                                0x08001e5f   Thumb Code   100  misc.o(.text)
    NVIC_SetVectorTable                      0x08001ec3   Thumb Code    14  misc.o(.text)
    NVIC_SystemLPConfig                      0x08001ed1   Thumb Code    34  misc.o(.text)
    SysTick_CLKSourceConfig                  0x08001ef3   Thumb Code    40  misc.o(.text)
    GPIO_DeInit                              0x08001f31   Thumb Code   172  stm32f10x_gpio.o(.text)
    GPIO_AFIODeInit                          0x08001fdd   Thumb Code    20  stm32f10x_gpio.o(.text)
    GPIO_Init                                0x08001ff1   Thumb Code   278  stm32f10x_gpio.o(.text)
    GPIO_StructInit                          0x08002107   Thumb Code    16  stm32f10x_gpio.o(.text)
    GPIO_ReadInputDataBit                    0x08002117   Thumb Code    18  stm32f10x_gpio.o(.text)
    GPIO_ReadInputData                       0x08002129   Thumb Code     8  stm32f10x_gpio.o(.text)
    GPIO_ReadOutputDataBit                   0x08002131   Thumb Code    18  stm32f10x_gpio.o(.text)
    GPIO_ReadOutputData                      0x08002143   Thumb Code     8  stm32f10x_gpio.o(.text)
    GPIO_SetBits                             0x0800214b   Thumb Code     4  stm32f10x_gpio.o(.text)
    GPIO_ResetBits                           0x0800214f   Thumb Code     4  stm32f10x_gpio.o(.text)
    GPIO_WriteBit                            0x08002153   Thumb Code    10  stm32f10x_gpio.o(.text)
    GPIO_Write                               0x0800215d   Thumb Code     4  stm32f10x_gpio.o(.text)
    GPIO_PinLockConfig                       0x08002161   Thumb Code    18  stm32f10x_gpio.o(.text)
    GPIO_EventOutputConfig                   0x08002173   Thumb Code    26  stm32f10x_gpio.o(.text)
    GPIO_EventOutputCmd                      0x0800218d   Thumb Code     6  stm32f10x_gpio.o(.text)
    GPIO_PinRemapConfig                      0x08002193   Thumb Code   138  stm32f10x_gpio.o(.text)
    GPIO_EXTILineConfig                      0x0800221d   Thumb Code    66  stm32f10x_gpio.o(.text)
    GPIO_ETH_MediaInterfaceConfig            0x0800225f   Thumb Code     8  stm32f10x_gpio.o(.text)
    RCC_DeInit                               0x0800228d   Thumb Code    64  stm32f10x_rcc.o(.text)
    RCC_HSEConfig                            0x080022cd   Thumb Code    70  stm32f10x_rcc.o(.text)
    RCC_GetFlagStatus                        0x08002313   Thumb Code    56  stm32f10x_rcc.o(.text)
    RCC_WaitForHSEStartUp                    0x0800234b   Thumb Code    58  stm32f10x_rcc.o(.text)
    RCC_AdjustHSICalibrationValue            0x08002385   Thumb Code    20  stm32f10x_rcc.o(.text)
    RCC_HSICmd                               0x08002399   Thumb Code     6  stm32f10x_rcc.o(.text)
    RCC_PLLConfig                            0x0800239f   Thumb Code    24  stm32f10x_rcc.o(.text)
    RCC_PLLCmd                               0x080023b7   Thumb Code     6  stm32f10x_rcc.o(.text)
    RCC_SYSCLKConfig                         0x080023bd   Thumb Code    18  stm32f10x_rcc.o(.text)
    RCC_GetSYSCLKSource                      0x080023cf   Thumb Code    10  stm32f10x_rcc.o(.text)
    RCC_HCLKConfig                           0x080023d9   Thumb Code    18  stm32f10x_rcc.o(.text)
    RCC_PCLK1Config                          0x080023eb   Thumb Code    18  stm32f10x_rcc.o(.text)
    RCC_PCLK2Config                          0x080023fd   Thumb Code    20  stm32f10x_rcc.o(.text)
    RCC_ITConfig                             0x08002411   Thumb Code    26  stm32f10x_rcc.o(.text)
    RCC_USBCLKConfig                         0x0800242b   Thumb Code     8  stm32f10x_rcc.o(.text)
    RCC_ADCCLKConfig                         0x08002433   Thumb Code    18  stm32f10x_rcc.o(.text)
    RCC_LSEConfig                            0x08002445   Thumb Code    50  stm32f10x_rcc.o(.text)
    RCC_LSICmd                               0x08002477   Thumb Code     6  stm32f10x_rcc.o(.text)
    RCC_RTCCLKConfig                         0x0800247d   Thumb Code    12  stm32f10x_rcc.o(.text)
    RCC_RTCCLKCmd                            0x08002489   Thumb Code     8  stm32f10x_rcc.o(.text)
    RCC_GetClocksFreq                        0x08002491   Thumb Code   192  stm32f10x_rcc.o(.text)
    RCC_AHBPeriphClockCmd                    0x08002551   Thumb Code    26  stm32f10x_rcc.o(.text)
    RCC_APB2PeriphClockCmd                   0x0800256b   Thumb Code    26  stm32f10x_rcc.o(.text)
    RCC_APB1PeriphClockCmd                   0x08002585   Thumb Code    26  stm32f10x_rcc.o(.text)
    RCC_APB2PeriphResetCmd                   0x0800259f   Thumb Code    26  stm32f10x_rcc.o(.text)
    RCC_APB1PeriphResetCmd                   0x080025b9   Thumb Code    26  stm32f10x_rcc.o(.text)
    RCC_BackupResetCmd                       0x080025d3   Thumb Code     8  stm32f10x_rcc.o(.text)
    RCC_ClockSecuritySystemCmd               0x080025db   Thumb Code     6  stm32f10x_rcc.o(.text)
    RCC_MCOConfig                            0x080025e1   Thumb Code     6  stm32f10x_rcc.o(.text)
    RCC_ClearFlag                            0x080025e7   Thumb Code    14  stm32f10x_rcc.o(.text)
    RCC_GetITStatus                          0x080025f5   Thumb Code    20  stm32f10x_rcc.o(.text)
    RCC_ClearITPendingBit                    0x08002609   Thumb Code     6  stm32f10x_rcc.o(.text)
    USART_DeInit                             0x08002635   Thumb Code   134  stm32f10x_usart.o(.text)
    USART_Init                               0x080026bb   Thumb Code   210  stm32f10x_usart.o(.text)
    USART_StructInit                         0x0800278d   Thumb Code    24  stm32f10x_usart.o(.text)
    USART_ClockInit                          0x080027a5   Thumb Code    34  stm32f10x_usart.o(.text)
    USART_ClockStructInit                    0x080027c7   Thumb Code    12  stm32f10x_usart.o(.text)
    USART_Cmd                                0x080027d3   Thumb Code    24  stm32f10x_usart.o(.text)
    USART_ITConfig                           0x080027eb   Thumb Code    74  stm32f10x_usart.o(.text)
    USART_DMACmd                             0x08002835   Thumb Code    18  stm32f10x_usart.o(.text)
    USART_SetAddress                         0x08002847   Thumb Code    18  stm32f10x_usart.o(.text)
    USART_WakeUpConfig                       0x08002859   Thumb Code    18  stm32f10x_usart.o(.text)
    USART_ReceiverWakeUpCmd                  0x0800286b   Thumb Code    24  stm32f10x_usart.o(.text)
    USART_LINBreakDetectLengthConfig         0x08002883   Thumb Code    18  stm32f10x_usart.o(.text)
    USART_LINCmd                             0x08002895   Thumb Code    24  stm32f10x_usart.o(.text)
    USART_SendData                           0x080028ad   Thumb Code     8  stm32f10x_usart.o(.text)
    USART_ReceiveData                        0x080028b5   Thumb Code    10  stm32f10x_usart.o(.text)
    USART_SendBreak                          0x080028bf   Thumb Code    10  stm32f10x_usart.o(.text)
    USART_SetGuardTime                       0x080028c9   Thumb Code    16  stm32f10x_usart.o(.text)
    USART_SetPrescaler                       0x080028d9   Thumb Code    16  stm32f10x_usart.o(.text)
    USART_SmartCardCmd                       0x080028e9   Thumb Code    24  stm32f10x_usart.o(.text)
    USART_SmartCardNACKCmd                   0x08002901   Thumb Code    24  stm32f10x_usart.o(.text)
    USART_HalfDuplexCmd                      0x08002919   Thumb Code    24  stm32f10x_usart.o(.text)
    USART_OverSampling8Cmd                   0x08002931   Thumb Code    22  stm32f10x_usart.o(.text)
    USART_OneBitMethodCmd                    0x08002947   Thumb Code    24  stm32f10x_usart.o(.text)
    USART_IrDAConfig                         0x0800295f   Thumb Code    18  stm32f10x_usart.o(.text)
    USART_IrDACmd                            0x08002971   Thumb Code    24  stm32f10x_usart.o(.text)
    USART_GetFlagStatus                      0x08002989   Thumb Code    26  stm32f10x_usart.o(.text)
    USART_ClearFlag                          0x080029a3   Thumb Code    18  stm32f10x_usart.o(.text)
    USART_GetITStatus                        0x080029b5   Thumb Code    84  stm32f10x_usart.o(.text)
    USART_ClearITPendingBit                  0x08002a09   Thumb Code    52  stm32f10x_usart.o(.text)
    BKP_DeInit                               0x08002a3d   Thumb Code    16  stm32f10x_bkp.o(.text)
    BKP_TamperPinLevelConfig                 0x08002a4d   Thumb Code     6  stm32f10x_bkp.o(.text)
    BKP_TamperPinCmd                         0x08002a53   Thumb Code     8  stm32f10x_bkp.o(.text)
    BKP_ITConfig                             0x08002a5b   Thumb Code     8  stm32f10x_bkp.o(.text)
    BKP_RTCOutputConfig                      0x08002a63   Thumb Code    22  stm32f10x_bkp.o(.text)
    BKP_SetRTCCalibrationValue               0x08002a79   Thumb Code    22  stm32f10x_bkp.o(.text)
    BKP_WriteBackupRegister                  0x08002a8f   Thumb Code    24  stm32f10x_bkp.o(.text)
    BKP_ReadBackupRegister                   0x08002aa7   Thumb Code    26  stm32f10x_bkp.o(.text)
    BKP_GetFlagStatus                        0x08002ac1   Thumb Code    10  stm32f10x_bkp.o(.text)
    BKP_ClearFlag                            0x08002acb   Thumb Code    18  stm32f10x_bkp.o(.text)
    BKP_GetITStatus                          0x08002add   Thumb Code    10  stm32f10x_bkp.o(.text)
    BKP_ClearITPendingBit                    0x08002ae7   Thumb Code    18  stm32f10x_bkp.o(.text)
    RTC_ITConfig                             0x08002b01   Thumb Code    26  stm32f10x_rtc.o(.text)
    RTC_EnterConfigMode                      0x08002b1b   Thumb Code    18  stm32f10x_rtc.o(.text)
    RTC_ExitConfigMode                       0x08002b2d   Thumb Code    20  stm32f10x_rtc.o(.text)
    RTC_GetCounter                           0x08002b41   Thumb Code    18  stm32f10x_rtc.o(.text)
    RTC_SetCounter                           0x08002b53   Thumb Code    26  stm32f10x_rtc.o(.text)
    RTC_SetPrescaler                         0x08002b6d   Thumb Code    28  stm32f10x_rtc.o(.text)
    RTC_SetAlarm                             0x08002b89   Thumb Code    26  stm32f10x_rtc.o(.text)
    RTC_GetDivider                           0x08002ba3   Thumb Code    22  stm32f10x_rtc.o(.text)
    RTC_WaitForLastTask                      0x08002bb9   Thumb Code    18  stm32f10x_rtc.o(.text)
    RTC_WaitForSynchro                       0x08002bcb   Thumb Code    36  stm32f10x_rtc.o(.text)
    RTC_GetFlagStatus                        0x08002bef   Thumb Code    22  stm32f10x_rtc.o(.text)
    RTC_ClearFlag                            0x08002c05   Thumb Code    16  stm32f10x_rtc.o(.text)
    RTC_GetITStatus                          0x08002c15   Thumb Code    32  stm32f10x_rtc.o(.text)
    RTC_ClearITPendingBit                    0x08002c35   Thumb Code    16  stm32f10x_rtc.o(.text)
    FLASH_SetLatency                         0x08002c49   Thumb Code    18  stm32f10x_flash.o(.text)
    FLASH_HalfCycleAccessCmd                 0x08002c5b   Thumb Code    22  stm32f10x_flash.o(.text)
    FLASH_PrefetchBufferCmd                  0x08002c71   Thumb Code    22  stm32f10x_flash.o(.text)
    FLASH_Unlock                             0x08002c87   Thumb Code    12  stm32f10x_flash.o(.text)
    FLASH_UnlockBank1                        0x08002c93   Thumb Code    12  stm32f10x_flash.o(.text)
    FLASH_Lock                               0x08002c9f   Thumb Code    14  stm32f10x_flash.o(.text)
    FLASH_LockBank1                          0x08002cad   Thumb Code    14  stm32f10x_flash.o(.text)
    FLASH_GetBank1Status                     0x08002cbb   Thumb Code    48  stm32f10x_flash.o(.text)
    FLASH_WaitForLastOperation               0x08002ceb   Thumb Code    38  stm32f10x_flash.o(.text)
    FLASH_ErasePage                          0x08002d11   Thumb Code    72  stm32f10x_flash.o(.text)
    FLASH_EraseAllPages                      0x08002d59   Thumb Code    68  stm32f10x_flash.o(.text)
    FLASH_WaitForLastBank1Operation          0x08002d9d   Thumb Code    38  stm32f10x_flash.o(.text)
    FLASH_EraseAllBank1Pages                 0x08002dc3   Thumb Code    68  stm32f10x_flash.o(.text)
    FLASH_GetReadOutProtectionStatus         0x08002e07   Thumb Code    20  stm32f10x_flash.o(.text)
    FLASH_EraseOptionBytes                   0x08002e1b   Thumb Code   150  stm32f10x_flash.o(.text)
    FLASH_ProgramWord                        0x08002eb1   Thumb Code   102  stm32f10x_flash.o(.text)
    FLASH_ProgramHalfWord                    0x08002f17   Thumb Code    60  stm32f10x_flash.o(.text)
    FLASH_ProgramOptionByteData              0x08002f53   Thumb Code    72  stm32f10x_flash.o(.text)
    FLASH_EnableWriteProtection              0x08002f9b   Thumb Code   200  stm32f10x_flash.o(.text)
    FLASH_ReadOutProtection                  0x08003063   Thumb Code   156  stm32f10x_flash.o(.text)
    FLASH_UserOptionByteConfig               0x080030ff   Thumb Code    88  stm32f10x_flash.o(.text)
    FLASH_GetUserOptionByte                  0x08003157   Thumb Code     8  stm32f10x_flash.o(.text)
    FLASH_GetWriteProtectionOptionByte       0x0800315f   Thumb Code     6  stm32f10x_flash.o(.text)
    FLASH_GetPrefetchBufferStatus            0x08003165   Thumb Code    20  stm32f10x_flash.o(.text)
    FLASH_ITConfig                           0x08003179   Thumb Code    26  stm32f10x_flash.o(.text)
    FLASH_GetFlagStatus                      0x08003193   Thumb Code    42  stm32f10x_flash.o(.text)
    FLASH_ClearFlag                          0x080031bd   Thumb Code     6  stm32f10x_flash.o(.text)
    FLASH_GetStatus                          0x080031c3   Thumb Code    48  stm32f10x_flash.o(.text)
    PWR_DeInit                               0x08003205   Thumb Code    22  stm32f10x_pwr.o(.text)
    PWR_BackupAccessCmd                      0x0800321b   Thumb Code     6  stm32f10x_pwr.o(.text)
    PWR_PVDCmd                               0x08003221   Thumb Code     6  stm32f10x_pwr.o(.text)
    PWR_PVDLevelConfig                       0x08003227   Thumb Code    18  stm32f10x_pwr.o(.text)
    PWR_WakeUpPinCmd                         0x08003239   Thumb Code     8  stm32f10x_pwr.o(.text)
    PWR_EnterSTOPMode                        0x08003241   Thumb Code    54  stm32f10x_pwr.o(.text)
    PWR_EnterSTANDBYMode                     0x08003277   Thumb Code    42  stm32f10x_pwr.o(.text)
    PWR_GetFlagStatus                        0x080032a1   Thumb Code    20  stm32f10x_pwr.o(.text)
    PWR_ClearFlag                            0x080032b5   Thumb Code    14  stm32f10x_pwr.o(.text)
    ADC_DeInit                               0x080032d1   Thumb Code    78  stm32f10x_adc.o(.text)
    ADC_Init                                 0x0800331f   Thumb Code    70  stm32f10x_adc.o(.text)
    ADC_StructInit                           0x08003365   Thumb Code    18  stm32f10x_adc.o(.text)
    ADC_Cmd                                  0x08003377   Thumb Code    22  stm32f10x_adc.o(.text)
    ADC_DMACmd                               0x0800338d   Thumb Code    22  stm32f10x_adc.o(.text)
    ADC_ITConfig                             0x080033a3   Thumb Code    24  stm32f10x_adc.o(.text)
    ADC_ResetCalibration                     0x080033bb   Thumb Code    10  stm32f10x_adc.o(.text)
    ADC_GetResetCalibrationStatus            0x080033c5   Thumb Code    20  stm32f10x_adc.o(.text)
    ADC_StartCalibration                     0x080033d9   Thumb Code    10  stm32f10x_adc.o(.text)
    ADC_GetCalibrationStatus                 0x080033e3   Thumb Code    20  stm32f10x_adc.o(.text)
    ADC_SoftwareStartConvCmd                 0x080033f7   Thumb Code    22  stm32f10x_adc.o(.text)
    ADC_GetSoftwareStartConvStatus           0x0800340d   Thumb Code    20  stm32f10x_adc.o(.text)
    ADC_DiscModeChannelCountConfig           0x08003421   Thumb Code    24  stm32f10x_adc.o(.text)
    ADC_DiscModeCmd                          0x08003439   Thumb Code    22  stm32f10x_adc.o(.text)
    ADC_RegularChannelConfig                 0x0800344f   Thumb Code   184  stm32f10x_adc.o(.text)
    ADC_ExternalTrigConvCmd                  0x08003507   Thumb Code    22  stm32f10x_adc.o(.text)
    ADC_GetConversionValue                   0x0800351d   Thumb Code     8  stm32f10x_adc.o(.text)
    ADC_GetDualModeConversionValue           0x08003525   Thumb Code     8  stm32f10x_adc.o(.text)
    ADC_AutoInjectedConvCmd                  0x0800352d   Thumb Code    22  stm32f10x_adc.o(.text)
    ADC_InjectedDiscModeCmd                  0x08003543   Thumb Code    22  stm32f10x_adc.o(.text)
    ADC_ExternalTrigInjectedConvConfig       0x08003559   Thumb Code    16  stm32f10x_adc.o(.text)
    ADC_ExternalTrigInjectedConvCmd          0x08003569   Thumb Code    22  stm32f10x_adc.o(.text)
    ADC_SoftwareStartInjectedConvCmd         0x0800357f   Thumb Code    22  stm32f10x_adc.o(.text)
    ADC_GetSoftwareStartInjectedConvCmdStatus 0x08003595   Thumb Code    20  stm32f10x_adc.o(.text)
    ADC_InjectedChannelConfig                0x080035a9   Thumb Code   130  stm32f10x_adc.o(.text)
    ADC_InjectedSequencerLengthConfig        0x0800362b   Thumb Code    24  stm32f10x_adc.o(.text)
    ADC_SetInjectedOffset                    0x08003643   Thumb Code    20  stm32f10x_adc.o(.text)
    ADC_GetInjectedConversionValue           0x08003657   Thumb Code    28  stm32f10x_adc.o(.text)
    ADC_AnalogWatchdogCmd                    0x08003673   Thumb Code    16  stm32f10x_adc.o(.text)
    ADC_AnalogWatchdogThresholdsConfig       0x08003683   Thumb Code     6  stm32f10x_adc.o(.text)
    ADC_AnalogWatchdogSingleChannelConfig    0x08003689   Thumb Code    16  stm32f10x_adc.o(.text)
    ADC_TempSensorVrefintCmd                 0x08003699   Thumb Code    64  stm32f10x_adc.o(.text)
    ADC_GetFlagStatus                        0x080036d9   Thumb Code    18  stm32f10x_adc.o(.text)
    ADC_ClearFlag                            0x080036eb   Thumb Code     6  stm32f10x_adc.o(.text)
    ADC_GetITStatus                          0x080036f1   Thumb Code    36  stm32f10x_adc.o(.text)
    ADC_ClearITPendingBit                    0x08003715   Thumb Code    10  stm32f10x_adc.o(.text)
    DMA_DeInit                               0x08003721   Thumb Code   324  stm32f10x_dma.o(.text)
    DMA_Init                                 0x08003865   Thumb Code    60  stm32f10x_dma.o(.text)
    DMA_StructInit                           0x080038a1   Thumb Code    26  stm32f10x_dma.o(.text)
    DMA_Cmd                                  0x080038bb   Thumb Code    24  stm32f10x_dma.o(.text)
    DMA_ITConfig                             0x080038d3   Thumb Code    18  stm32f10x_dma.o(.text)
    DMA_SetCurrDataCounter                   0x080038e5   Thumb Code     4  stm32f10x_dma.o(.text)
    DMA_GetCurrDataCounter                   0x080038e9   Thumb Code     8  stm32f10x_dma.o(.text)
    DMA_GetFlagStatus                        0x080038f1   Thumb Code    40  stm32f10x_dma.o(.text)
    DMA_ClearFlag                            0x08003919   Thumb Code    22  stm32f10x_dma.o(.text)
    DMA_GetITStatus                          0x0800392f   Thumb Code    40  stm32f10x_dma.o(.text)
    DMA_ClearITPendingBit                    0x08003957   Thumb Code    22  stm32f10x_dma.o(.text)
    TIM_DeInit                               0x08003975   Thumb Code   424  stm32f10x_tim.o(.text)
    TIM_TimeBaseInit                         0x08003b1d   Thumb Code   122  stm32f10x_tim.o(.text)
    TIM_OC1Init                              0x08003b97   Thumb Code   132  stm32f10x_tim.o(.text)
    TIM_OC2Init                              0x08003c1b   Thumb Code   154  stm32f10x_tim.o(.text)
    TIM_OC3Init                              0x08003cb5   Thumb Code   150  stm32f10x_tim.o(.text)
    TIM_OC4Init                              0x08003d4b   Thumb Code   182  stm32f10x_tim.o(.text)
    TIM_SetIC4Prescaler                      0x08003e01   Thumb Code    26  stm32f10x_tim.o(.text)
    TIM_SetIC3Prescaler                      0x08003e9d   Thumb Code    18  stm32f10x_tim.o(.text)
    TIM_SetIC2Prescaler                      0x08003f29   Thumb Code    26  stm32f10x_tim.o(.text)
    TIM_SetIC1Prescaler                      0x08003fc5   Thumb Code    18  stm32f10x_tim.o(.text)
    TIM_ICInit                               0x08004043   Thumb Code   150  stm32f10x_tim.o(.text)
    TIM_PWMIConfig                           0x080040d9   Thumb Code   124  stm32f10x_tim.o(.text)
    TIM_BDTRConfig                           0x08004155   Thumb Code    32  stm32f10x_tim.o(.text)
    TIM_TimeBaseStructInit                   0x08004175   Thumb Code    18  stm32f10x_tim.o(.text)
    TIM_OCStructInit                         0x08004187   Thumb Code    20  stm32f10x_tim.o(.text)
    TIM_ICStructInit                         0x0800419b   Thumb Code    18  stm32f10x_tim.o(.text)
    TIM_BDTRStructInit                       0x080041ad   Thumb Code    40  stm32f10x_tim.o(.text)
    TIM_Cmd                                  0x080041d5   Thumb Code    24  stm32f10x_tim.o(.text)
    TIM_CtrlPWMOutputs                       0x080041ed   Thumb Code    30  stm32f10x_tim.o(.text)
    TIM_ITConfig                             0x0800420b   Thumb Code    18  stm32f10x_tim.o(.text)
    TIM_GenerateEvent                        0x0800421d   Thumb Code     4  stm32f10x_tim.o(.text)
    TIM_DMAConfig                            0x08004221   Thumb Code    10  stm32f10x_tim.o(.text)
    TIM_DMACmd                               0x0800422b   Thumb Code    18  stm32f10x_tim.o(.text)
    TIM_InternalClockConfig                  0x0800423d   Thumb Code    12  stm32f10x_tim.o(.text)
    TIM_SelectInputTrigger                   0x08004249   Thumb Code    18  stm32f10x_tim.o(.text)
    TIM_ITRxExternalClockConfig              0x0800425b   Thumb Code    24  stm32f10x_tim.o(.text)
    TIM_TIxExternalClockConfig               0x08004273   Thumb Code    62  stm32f10x_tim.o(.text)
    TIM_ETRConfig                            0x080042b1   Thumb Code    28  stm32f10x_tim.o(.text)
    TIM_ETRClockMode1Config                  0x080042cd   Thumb Code    54  stm32f10x_tim.o(.text)
    TIM_ETRClockMode2Config                  0x08004303   Thumb Code    32  stm32f10x_tim.o(.text)
    TIM_PrescalerConfig                      0x08004323   Thumb Code     6  stm32f10x_tim.o(.text)
    TIM_CounterModeConfig                    0x08004329   Thumb Code    18  stm32f10x_tim.o(.text)
    TIM_EncoderInterfaceConfig               0x0800433b   Thumb Code    66  stm32f10x_tim.o(.text)
    TIM_ForcedOC1Config                      0x0800437d   Thumb Code    18  stm32f10x_tim.o(.text)
    TIM_ForcedOC2Config                      0x0800438f   Thumb Code    26  stm32f10x_tim.o(.text)
    TIM_ForcedOC3Config                      0x080043a9   Thumb Code    18  stm32f10x_tim.o(.text)
    TIM_ForcedOC4Config                      0x080043bb   Thumb Code    26  stm32f10x_tim.o(.text)
    TIM_ARRPreloadConfig                     0x080043d5   Thumb Code    24  stm32f10x_tim.o(.text)
    TIM_SelectCOM                            0x080043ed   Thumb Code    24  stm32f10x_tim.o(.text)
    TIM_SelectCCDMA                          0x08004405   Thumb Code    24  stm32f10x_tim.o(.text)
    TIM_CCPreloadControl                     0x0800441d   Thumb Code    24  stm32f10x_tim.o(.text)
    TIM_OC1PreloadConfig                     0x08004435   Thumb Code    18  stm32f10x_tim.o(.text)
    TIM_OC2PreloadConfig                     0x08004447   Thumb Code    26  stm32f10x_tim.o(.text)
    TIM_OC3PreloadConfig                     0x08004461   Thumb Code    18  stm32f10x_tim.o(.text)
    TIM_OC4PreloadConfig                     0x08004473   Thumb Code    26  stm32f10x_tim.o(.text)
    TIM_OC1FastConfig                        0x0800448d   Thumb Code    18  stm32f10x_tim.o(.text)
    TIM_OC2FastConfig                        0x0800449f   Thumb Code    26  stm32f10x_tim.o(.text)
    TIM_OC3FastConfig                        0x080044b9   Thumb Code    18  stm32f10x_tim.o(.text)
    TIM_OC4FastConfig                        0x080044cb   Thumb Code    26  stm32f10x_tim.o(.text)
    TIM_ClearOC1Ref                          0x080044e5   Thumb Code    18  stm32f10x_tim.o(.text)
    TIM_ClearOC2Ref                          0x080044f7   Thumb Code    24  stm32f10x_tim.o(.text)
    TIM_ClearOC3Ref                          0x0800450f   Thumb Code    18  stm32f10x_tim.o(.text)
    TIM_ClearOC4Ref                          0x08004521   Thumb Code    24  stm32f10x_tim.o(.text)
    TIM_OC1PolarityConfig                    0x08004539   Thumb Code    18  stm32f10x_tim.o(.text)
    TIM_OC1NPolarityConfig                   0x0800454b   Thumb Code    18  stm32f10x_tim.o(.text)
    TIM_OC2PolarityConfig                    0x0800455d   Thumb Code    26  stm32f10x_tim.o(.text)
    TIM_OC2NPolarityConfig                   0x08004577   Thumb Code    26  stm32f10x_tim.o(.text)
    TIM_OC3PolarityConfig                    0x08004591   Thumb Code    26  stm32f10x_tim.o(.text)
    TIM_OC3NPolarityConfig                   0x080045ab   Thumb Code    26  stm32f10x_tim.o(.text)
    TIM_OC4PolarityConfig                    0x080045c5   Thumb Code    26  stm32f10x_tim.o(.text)
    TIM_CCxCmd                               0x080045df   Thumb Code    30  stm32f10x_tim.o(.text)
    TIM_CCxNCmd                              0x080045fd   Thumb Code    30  stm32f10x_tim.o(.text)
    TIM_SelectOCxM                           0x0800461b   Thumb Code    82  stm32f10x_tim.o(.text)
    TIM_UpdateDisableConfig                  0x0800466d   Thumb Code    24  stm32f10x_tim.o(.text)
    TIM_UpdateRequestConfig                  0x08004685   Thumb Code    24  stm32f10x_tim.o(.text)
    TIM_SelectHallSensor                     0x0800469d   Thumb Code    24  stm32f10x_tim.o(.text)
    TIM_SelectOnePulseMode                   0x080046b5   Thumb Code    18  stm32f10x_tim.o(.text)
    TIM_SelectOutputTrigger                  0x080046c7   Thumb Code    18  stm32f10x_tim.o(.text)
    TIM_SelectSlaveMode                      0x080046d9   Thumb Code    18  stm32f10x_tim.o(.text)
    TIM_SelectMasterSlaveMode                0x080046eb   Thumb Code    18  stm32f10x_tim.o(.text)
    TIM_SetCounter                           0x080046fd   Thumb Code     4  stm32f10x_tim.o(.text)
    TIM_SetAutoreload                        0x08004701   Thumb Code     4  stm32f10x_tim.o(.text)
    TIM_SetCompare1                          0x08004705   Thumb Code     4  stm32f10x_tim.o(.text)
    TIM_SetCompare2                          0x08004709   Thumb Code     4  stm32f10x_tim.o(.text)
    TIM_SetCompare3                          0x0800470d   Thumb Code     4  stm32f10x_tim.o(.text)
    TIM_SetCompare4                          0x08004711   Thumb Code     6  stm32f10x_tim.o(.text)
    TIM_SetClockDivision                     0x08004717   Thumb Code    18  stm32f10x_tim.o(.text)
    TIM_GetCapture1                          0x08004729   Thumb Code     6  stm32f10x_tim.o(.text)
    TIM_GetCapture2                          0x0800472f   Thumb Code     6  stm32f10x_tim.o(.text)
    TIM_GetCapture3                          0x08004735   Thumb Code     6  stm32f10x_tim.o(.text)
    TIM_GetCapture4                          0x0800473b   Thumb Code     8  stm32f10x_tim.o(.text)
    TIM_GetCounter                           0x08004743   Thumb Code     6  stm32f10x_tim.o(.text)
    TIM_GetPrescaler                         0x08004749   Thumb Code     6  stm32f10x_tim.o(.text)
    TIM_GetFlagStatus                        0x0800474f   Thumb Code    18  stm32f10x_tim.o(.text)
    TIM_ClearFlag                            0x08004761   Thumb Code     6  stm32f10x_tim.o(.text)
    TIM_GetITStatus                          0x08004767   Thumb Code    34  stm32f10x_tim.o(.text)
    TIM_ClearITPendingBit                    0x08004789   Thumb Code     6  stm32f10x_tim.o(.text)
    hex_to_bcd                               0x08004791   Thumb Code   108  mcu_api.o(.text)
    my_strlen                                0x080047fd   Thumb Code    28  mcu_api.o(.text)
    my_memset                                0x08004819   Thumb Code    34  mcu_api.o(.text)
    my_memcpy                                0x0800483b   Thumb Code    68  mcu_api.o(.text)
    my_strcpy                                0x0800487f   Thumb Code    34  mcu_api.o(.text)
    my_strcmp                                0x080048a1   Thumb Code    32  mcu_api.o(.text)
    int_to_byte                              0x080048c1   Thumb Code    16  mcu_api.o(.text)
    byte_to_int                              0x080048d1   Thumb Code    26  mcu_api.o(.text)
    mcu_dp_raw_update                        0x080048eb   Thumb Code   112  mcu_api.o(.text)
    mcu_dp_bool_update                       0x0800495b   Thumb Code    96  mcu_api.o(.text)
    mcu_dp_value_update                      0x080049bb   Thumb Code   116  mcu_api.o(.text)
    mcu_dp_string_update                     0x08004a2f   Thumb Code   112  mcu_api.o(.text)
    mcu_dp_enum_update                       0x08004a9f   Thumb Code    82  mcu_api.o(.text)
    mcu_dp_fault_update                      0x08004af1   Thumb Code   194  mcu_api.o(.text)
    mcu_get_dp_download_bool                 0x08004bb3   Thumb Code     6  mcu_api.o(.text)
    mcu_get_dp_download_enum                 0x08004bb9   Thumb Code     6  mcu_api.o(.text)
    mcu_get_dp_download_value                0x08004bbf   Thumb Code    14  mcu_api.o(.text)
    uart_receive_input                       0x08004bcd   Thumb Code    80  mcu_api.o(.text)
    uart_receive_buff_input                  0x08004c1d   Thumb Code    28  mcu_api.o(.text)
    wifi_uart_service                        0x08004c39   Thumb Code   270  mcu_api.o(.text)
    wifi_protocol_init                       0x08004d47   Thumb Code    24  mcu_api.o(.text)
    mcu_get_reset_wifi_flag                  0x08004d5f   Thumb Code     6  mcu_api.o(.text)
    mcu_reset_wifi                           0x08004d65   Thumb Code    20  mcu_api.o(.text)
    mcu_get_wifimode_flag                    0x08004d79   Thumb Code     6  mcu_api.o(.text)
    mcu_set_wifi_mode                        0x08004d7f   Thumb Code    34  mcu_api.o(.text)
    mcu_get_wifi_work_state                  0x08004da1   Thumb Code     6  mcu_api.o(.text)
    mcu_get_system_time                      0x08004da7   Thumb Code    14  mcu_api.o(.text)
    open_module_time_serve                   0x08004db5   Thumb Code    38  mcu_api.o(.text)
    request_weather_serve                    0x08004ddb   Thumb Code    26  mcu_api.o(.text)
    open_module_reset_state_serve            0x08004df5   Thumb Code    26  mcu_api.o(.text)
    uart_transmit_output                     0x08004e35   Thumb Code    28  protocol.o(.text)
    all_data_update                          0x08004e51   Thumb Code     2  protocol.o(.text)
    dp_download_handle                       0x08004f67   Thumb Code   106  protocol.o(.text)
    get_download_cmd_total                   0x08004fd1   Thumb Code     4  protocol.o(.text)
    mcu_write_rtctime                        0x08004fd5   Thumb Code    40  protocol.o(.text)
    mcu_open_weather                         0x08004ffd   Thumb Code   114  protocol.o(.text)
    weather_open_return_handle               0x0800506f   Thumb Code     8  protocol.o(.text)
    weather_data_user_handle                 0x08005077   Thumb Code   184  protocol.o(.text)
    open_module_time_serve_result            0x0800512f   Thumb Code   158  protocol.o(.text)
    set_wifi_uart_byte                       0x08005219   Thumb Code    12  system.o(.text)
    set_wifi_uart_buffer                     0x08005225   Thumb Code    34  system.o(.text)
    get_check_sum                            0x08005247   Thumb Code    28  system.o(.text)
    wifi_uart_write_frame                    0x08005287   Thumb Code    76  system.o(.text)
    data_handle                              0x0800551b   Thumb Code   444  system.o(.text)
    with_data_rxbuff                         0x080056d7   Thumb Code    20  system.o(.text)
    take_byte_rxbuff                         0x080056eb   Thumb Code    48  system.o(.text)
    seed_from_timestamp_and_pid              0x0800572d   Thumb Code     6  jansson_config.o(.text)
    __aeabi_uidiv                            0x08005733   Thumb Code     0  uidiv.o(.text)
    __aeabi_uidivmod                         0x08005733   Thumb Code    44  uidiv.o(.text)
    ___aeabi_memcpy8$move                    0x0800575f   Thumb Code     0  memmovea.o(.text)
    __aeabi_memcpy                           0x0800575f   Thumb Code    64  memmovea.o(.text)
    __aeabi_memcpy4                          0x0800575f   Thumb Code     0  memmovea.o(.text)
    __aeabi_memmove                          0x0800575f   Thumb Code     0  memmovea.o(.text)
    __aeabi_memmove4                         0x0800575f   Thumb Code     0  memmovea.o(.text)
    __aeabi_memmove8                         0x0800575f   Thumb Code     0  memmovea.o(.text)
    __aeabi_memset                           0x0800579f   Thumb Code    14  memseta.o(.text)
    __aeabi_memset4                          0x0800579f   Thumb Code     0  memseta.o(.text)
    __aeabi_memset8                          0x0800579f   Thumb Code     0  memseta.o(.text)
    __aeabi_memclr                           0x080057ad   Thumb Code     4  memseta.o(.text)
    __aeabi_memclr4                          0x080057ad   Thumb Code     0  memseta.o(.text)
    __aeabi_memclr8                          0x080057ad   Thumb Code     0  memseta.o(.text)
    _memset$wrapper                          0x080057b1   Thumb Code    18  memseta.o(.text)
    strlen                                   0x080057c3   Thumb Code    14  strlen.o(.text)
    strcmp                                   0x080057d1   Thumb Code    28  strcmp.o(.text)
    memchr                                   0x080057ed   Thumb Code    20  memchr.o(.text)
    strcpy                                   0x08005801   Thumb Code    18  strcpy.o(.text)
    strtoll                                  0x08005813   Thumb Code     4  strtoll.o(.text)
    __aeabi_dadd                             0x08005817   Thumb Code   322  dadd.o(.text)
    __aeabi_dsub                             0x08005959   Thumb Code     6  dadd.o(.text)
    __aeabi_drsub                            0x0800595f   Thumb Code     6  dadd.o(.text)
    __aeabi_dmul                             0x08005965   Thumb Code   228  dmul.o(.text)
    __aeabi_ddiv                             0x08005a49   Thumb Code   222  ddiv.o(.text)
    __aeabi_i2d                              0x08005b27   Thumb Code    34  dflti.o(.text)
    __aeabi_ui2d                             0x08005b49   Thumb Code    26  dfltui.o(.text)
    __aeabi_f2uiz                            0x08005b63   Thumb Code    40  ffixui.o(.text)
    __aeabi_d2uiz                            0x08005b8b   Thumb Code    50  dfixui.o(.text)
    __aeabi_f2d                              0x08005bbd   Thumb Code    38  f2d.o(.text)
    __aeabi_cdcmpeq                          0x08005be5   Thumb Code     0  cdcmple.o(.text)
    __aeabi_cdcmple                          0x08005be5   Thumb Code    48  cdcmple.o(.text)
    __aeabi_cdrcmple                         0x08005c15   Thumb Code    48  cdrcmple.o(.text)
    __aeabi_d2f                              0x08005c45   Thumb Code    56  d2f.o(.text)
    __aeabi_cfcmpeq                          0x08005c7d   Thumb Code     0  cfcmple.o(.text)
    __aeabi_cfcmple                          0x08005c7d   Thumb Code    20  cfcmple.o(.text)
    __aeabi_uldivmod                         0x08005c91   Thumb Code    98  uldiv.o(.text)
    __aeabi_llsl                             0x08005cf3   Thumb Code    30  llshl.o(.text)
    _ll_shift_l                              0x08005cf3   Thumb Code     0  llshl.o(.text)
    __aeabi_llsr                             0x08005d11   Thumb Code    32  llushr.o(.text)
    _ll_ushift_r                             0x08005d11   Thumb Code     0  llushr.o(.text)
    __aeabi_lasr                             0x08005d31   Thumb Code    36  llsshr.o(.text)
    _ll_sshift_r                             0x08005d31   Thumb Code     0  llsshr.o(.text)
    __strtod_int                             0x08005d8b   Thumb Code    90  strtod.o(.text)
    __strtoll                                0x08005df1   Thumb Code   144  __strtoll.o(.text)
    __I$use$fp                               0x08005e81   Thumb Code     0  iusefp.o(.text)
    _float_round                             0x08005e81   Thumb Code    18  fepilogue.o(.text)
    _float_epilogue                          0x08005e93   Thumb Code    92  fepilogue.o(.text)
    _double_round                            0x08005eef   Thumb Code    30  depilogue.o(.text)
    _double_epilogue                         0x08005f0d   Thumb Code   156  depilogue.o(.text)
    __aeabi_d2ulz                            0x08005fa9   Thumb Code    48  dfixul.o(.text)
    __scatterload                            0x08005fd9   Thumb Code    28  init.o(.text)
    __scatterload_rt2                        0x08005fd9   Thumb Code     0  init.o(.text)
    __rt_ctype_table                         0x08005ffd   Thumb Code     4  ctype_o.o(.text)
    isspace                                  0x08006005   Thumb Code    18  isspace_o.o(.text)
    _scanf_real                              0x08006141   Thumb Code     0  scanf_fp.o(.text)
    _scanf_really_real                       0x08006141   Thumb Code   556  scanf_fp.o(.text)
    _sgetc                                   0x08006379   Thumb Code    30  _sgetc.o(.text)
    _sbackspace                              0x08006397   Thumb Code    34  _sgetc.o(.text)
    _strtoull                                0x080063b9   Thumb Code   194  _strtoull.o(.text)
    _chval                                   0x0800647b   Thumb Code    28  _chval.o(.text)
    __aeabi_ul2d                             0x08006497   Thumb Code    24  dfltul.o(.text)
    __decompress                             0x080064af   Thumb Code     0  __dczerorl2.o(.text)
    __decompress1                            0x080064af   Thumb Code    86  __dczerorl2.o(.text)
    __0snprintf                              0x08006505   Thumb Code    44  printfa.o(i.__0snprintf)
    __1snprintf                              0x08006505   Thumb Code     0  printfa.o(i.__0snprintf)
    __2snprintf                              0x08006505   Thumb Code     0  printfa.o(i.__0snprintf)
    __c89snprintf                            0x08006505   Thumb Code     0  printfa.o(i.__0snprintf)
    snprintf                                 0x08006505   Thumb Code     0  printfa.o(i.__0snprintf)
    __0sprintf                               0x08006535   Thumb Code    34  printfa.o(i.__0sprintf)
    __1sprintf                               0x08006535   Thumb Code     0  printfa.o(i.__0sprintf)
    __2sprintf                               0x08006535   Thumb Code     0  printfa.o(i.__0sprintf)
    __c89sprintf                             0x08006535   Thumb Code     0  printfa.o(i.__0sprintf)
    sprintf                                  0x08006535   Thumb Code     0  printfa.o(i.__0sprintf)
    __0vsnprintf                             0x0800655d   Thumb Code    40  printfa.o(i.__0vsnprintf)
    __1vsnprintf                             0x0800655d   Thumb Code     0  printfa.o(i.__0vsnprintf)
    __2vsnprintf                             0x0800655d   Thumb Code     0  printfa.o(i.__0vsnprintf)
    __c89vsnprintf                           0x0800655d   Thumb Code     0  printfa.o(i.__0vsnprintf)
    vsnprintf                                0x0800655d   Thumb Code     0  printfa.o(i.__0vsnprintf)
    __ARM_common_switch8                     0x08006589   Thumb Code    26  hashtable.o(i.__ARM_common_switch8)
    __ARM_isinf                              0x080065a3   Thumb Code    22  value.o(i.__ARM_isinf)
    __ARM_isnan                              0x080065b9   Thumb Code    20  value.o(i.__ARM_isnan)
    __aeabi_errno_addr                       0x080065d1   Thumb Code     4  errno.o(i.__aeabi_errno_addr)
    __rt_errno_addr                          0x080065d1   Thumb Code     0  errno.o(i.__aeabi_errno_addr)
    __scatterload_copy                       0x080065d9   Thumb Code    14  handlers.o(i.__scatterload_copy)
    __scatterload_null                       0x080065e7   Thumb Code     2  handlers.o(i.__scatterload_null)
    __scatterload_zeroinit                   0x080065e9   Thumb Code    14  handlers.o(i.__scatterload_zeroinit)
    _is_digit                                0x0800677d   Thumb Code    14  scanf_fp.o(i._is_digit)
    free                                     0x08007015   Thumb Code    76  malloc.o(i.free)
    hashtable_close                          0x080071a9   Thumb Code    16  hashtable.o(i.hashtable_close)
    hashtable_get                            0x0800728d   Thumb Code    58  hashtable.o(i.hashtable_get)
    hashtable_init                           0x080072cd   Thumb Code    72  hashtable.o(i.hashtable_init)
    hashtable_set                            0x08007315   Thumb Code   168  hashtable.o(i.hashtable_set)
    json_array                               0x080073eb   Thumb Code    54  value.o(i.json_array)
    json_array_append_new                    0x08007421   Thumb Code    68  value.o(i.json_array_append_new)
    json_delete                              0x080074fd   Thumb Code    84  value.o(i.json_delete)
    json_false                               0x08007551   Thumb Code     4  value.o(i.json_false)
    json_integer                             0x08007569   Thumb Code    28  value.o(i.json_integer)
    json_integer_value                       0x08007585   Thumb Code    24  value.o(i.json_integer_value)
    json_loads                               0x0800759d   Thumb Code    82  load.o(i.json_loads)
    json_null                                0x08007611   Thumb Code     4  value.o(i.json_null)
    json_object                              0x08007619   Thumb Code    70  value.o(i.json_object)
    json_object_get                          0x08007665   Thumb Code    28  value.o(i.json_object_get)
    json_object_seed                         0x08007681   Thumb Code    34  hashtable_seed.o(i.json_object_seed)
    json_object_set_new_nocheck              0x080076a9   Thumb Code    58  value.o(i.json_object_set_new_nocheck)
    json_real                                0x080076e9   Thumb Code    52  value.o(i.json_real)
    json_true                                0x0800771d   Thumb Code     4  value.o(i.json_true)
    jsonp_error_init                         0x08007725   Thumb Code    34  error.o(i.jsonp_error_init)
    jsonp_error_set                          0x08007747   Thumb Code    16  error.o(i.jsonp_error_set)
    jsonp_error_set_source                   0x08007759   Thumb Code    56  error.o(i.jsonp_error_set_source)
    jsonp_error_vset                         0x08007795   Thumb Code    44  error.o(i.jsonp_error_vset)
    jsonp_free                               0x080077c1   Thumb Code    12  memory.o(i.jsonp_free)
    jsonp_malloc                             0x080077d1   Thumb Code    12  memory.o(i.jsonp_malloc)
    jsonp_stringn_nocheck_own                0x080077e1   Thumb Code    10  value.o(i.jsonp_stringn_nocheck_own)
    jsonp_strndup                            0x080077eb   Thumb Code    36  memory.o(i.jsonp_strndup)
    jsonp_strtod                             0x08007811   Thumb Code    90  strconv.o(i.jsonp_strtod)
    malloc                                   0x08007e85   Thumb Code    92  malloc.o(i.malloc)
    strbuffer_append_byte                    0x080082d9   Thumb Code    12  strbuffer.o(i.strbuffer_append_byte)
    strbuffer_append_bytes                   0x080082e5   Thumb Code   108  strbuffer.o(i.strbuffer_append_bytes)
    strbuffer_clear                          0x08008355   Thumb Code    10  strbuffer.o(i.strbuffer_clear)
    strbuffer_close                          0x0800835f   Thumb Code    24  strbuffer.o(i.strbuffer_close)
    strbuffer_init                           0x08008377   Thumb Code    34  strbuffer.o(i.strbuffer_init)
    strbuffer_pop                            0x08008399   Thumb Code    24  strbuffer.o(i.strbuffer_pop)
    strbuffer_value                          0x080083b1   Thumb Code     4  strbuffer.o(i.strbuffer_value)
    strtod                                   0x08008539   Thumb Code    28  strtod.o(i.strtod)
    utf8_check_first                         0x08008555   Thumb Code    60  utf.o(i.utf8_check_first)
    utf8_check_full                          0x08008591   Thumb Code   126  utf.o(i.utf8_check_full)
    utf8_encode                              0x08008619   Thumb Code   120  utf.o(i.utf8_encode)
    table_week                               0x08008698   Data          12  rtc.o(.constdata)
    mon_table                                0x080086a4   Data          12  rtc.o(.constdata)
    download_cmd                             0x080086b0   Data          22  protocol.o(.constdata)
    __ctype_table                            0x080086c6   Data         129  ctype_o.o(.constdata)
    Region$$Table$$Base                      0x08008774   Number         0  anon$$obj.o(Region$$Table)
    Region$$Table$$Limit                     0x08008794   Number         0  anon$$obj.o(Region$$Table)
    flag                                     0x20000000   Data           2  main.o(.data)
    SystemCoreClock                          0x20000004   Data           4  system_stm32f10x.o(.data)
    AHBPrescTable                            0x20000008   Data          16  system_stm32f10x.o(.data)
    All                                      0x20000018   Data           5  03wtc.o(.data)
    rxbufsht31                               0x2000001d   Data           6  sht31.o(.data)
    crc1                                     0x20000023   Data           1  sht31.o(.data)
    crc2                                     0x20000024   Data           1  sht31.o(.data)
    tem                                      0x20000025   Data           1  sht31.o(.data)
    hum                                      0x20000026   Data           1  sht31.o(.data)
    weather_HZK_sheet                        0x20000027   Data         344  logic.o(.data)
    value                                    0x2000017f   Data           1  logic.o(.data)
    up_net                                   0x20000184   Data           4  ble.o(.data)
    down_net                                 0x20000188   Data           4  ble.o(.data)
    up_status                                0x2000018c   Data           1  ble.o(.data)
    down_status                              0x2000018d   Data           1  ble.o(.data)
    memory_rate                              0x2000018e   Data           1  ble.o(.data)
    cpu_rate                                 0x2000018f   Data           1  ble.o(.data)
    __stdout                                 0x20000190   Data           4  usart.o(.data)
    buf1_size                                0x20000194   Data           1  usart.o(.data)
    data1_change                             0x20000195   Data           1  usart.o(.data)
    USART2_RX_STA                            0x20000196   Data           2  usart.o(.data)
    buf3_size                                0x20000198   Data           1  usart.o(.data)
    data3_change                             0x20000199   Data           1  usart.o(.data)
    ryear                                    0x2000019c   Data           2  rtc.o(.data)
    rmon                                     0x2000019e   Data           1  rtc.o(.data)
    rday                                     0x2000019f   Data           1  rtc.o(.data)
    rhour                                    0x200001a0   Data           1  rtc.o(.data)
    rmin                                     0x200001a1   Data           1  rtc.o(.data)
    rsec                                     0x200001a2   Data           1  rtc.o(.data)
    rweek                                    0x200001a3   Data           1  rtc.o(.data)
    ADC_DMA_IN                               0x200001a6   Data           4  adc.o(.data)
    weather_sheet                            0x200001c4   Data         516  protocol.o(.data)
    weather_choose                           0x200003c8   Data          16  protocol.o(.data)
    rx_buf_in                                0x200003d8   Data           4  system.o(.data)
    rx_buf_out                               0x200003dc   Data           4  system.o(.data)
    stop_update_flag                         0x200003e0   Data           1  system.o(.data)
    reset_wifi_flag                          0x200003e1   Data           1  system.o(.data)
    set_wifimode_flag                        0x200003e2   Data           1  system.o(.data)
    wifi_work_state                          0x200003e3   Data           1  system.o(.data)
    hashtable_seed                           0x20000408   Data           4  hashtable_seed.o(.data)
    __microlib_freelist                      0x20000410   Data           4  mvars.o(.data)
    __microlib_freelist_initialised          0x20000414   Data           4  mvars.o(.data)
    USART1_RX_BUF                            0x20000418   Data         100  usart.o(.bss)
    USART2_RX_BUF                            0x2000047c   Data         300  usart.o(.bss)
    USART3_RX_BUF                            0x200005a8   Data         100  usart.o(.bss)
    wifi_data_process_buf                    0x2000060c   Data        1031  system.o(.bss)
    wifi_uart_rx_buf                         0x20000a13   Data        1031  system.o(.bss)
    wifi_uart_tx_buf                         0x20000e1a   Data         519  system.o(.bss)
    __heap_base                              0x20001028   Data           0  startup_stm32f10x_hd.o(HEAP)
    __heap_limit                             0x20001228   Data           0  startup_stm32f10x_hd.o(HEAP)
    __initial_sp                             0x20001e28   Data           0  startup_stm32f10x_hd.o(STACK)



==============================================================================

Memory Map of the image

  Image Entry point : 0x08000131

  Load Region LR_IROM1 (Base: 0x08000000, Size: 0x00008bac, Max: 0x00010000, ABSOLUTE, COMPRESSED[0x00008974])

    Execution Region ER_IROM1 (Exec base: 0x08000000, Load base: 0x08000000, Size: 0x00008794, Max: 0x00010000, ABSOLUTE)

    Exec Addr    Load Addr    Size         Type   Attr      Idx    E Section Name        Object

    0x08000000   0x08000000   0x00000130   Data   RO          477    RESET               startup_stm32f10x_hd.o
    0x08000130   0x08000130   0x00000000   Code   RO         1691  * .ARM.Collect$$$$00000000  mc_w.l(entry.o)
    0x08000130   0x08000130   0x00000004   Code   RO         2062    .ARM.Collect$$$$00000001  mc_w.l(entry2.o)
    0x08000134   0x08000134   0x00000004   Code   RO         2065    .ARM.Collect$$$$00000004  mc_w.l(entry5.o)
    0x08000138   0x08000138   0x00000000   Code   RO         2067    .ARM.Collect$$$$00000008  mc_w.l(entry7b.o)
    0x08000138   0x08000138   0x00000000   Code   RO         2069    .ARM.Collect$$$$0000000A  mc_w.l(entry8b.o)
    0x08000138   0x08000138   0x00000008   Code   RO         2070    .ARM.Collect$$$$0000000B  mc_w.l(entry9a.o)
    0x08000140   0x08000140   0x00000000   Code   RO         2072    .ARM.Collect$$$$0000000D  mc_w.l(entry10a.o)
    0x08000140   0x08000140   0x00000000   Code   RO         2074    .ARM.Collect$$$$0000000F  mc_w.l(entry11a.o)
    0x08000140   0x08000140   0x00000004   Code   RO         2063    .ARM.Collect$$$$00002712  mc_w.l(entry2.o)
    0x08000144   0x08000144   0x000000a8   Code   RO            1    .text               main.o
    0x080001ec   0x080001ec   0x0000001a   Code   RO          167    .text               stm32f10x_it.o
    0x08000206   0x08000206   0x00000002   PAD
    0x08000208   0x08000208   0x000001e0   Code   RO          208    .text               system_stm32f10x.o
    0x080003e8   0x080003e8   0x000002c4   Code   RO          250    .text               03wtc.o
    0x080006ac   0x080006ac   0x0000018c   Code   RO          269    .text               sht31.o
    0x08000838   0x08000838   0x00000580   Code   RO          287    .text               logic.o
    0x08000db8   0x08000db8   0x00000210   Code   RO          322    .text               ble.o
    0x08000fc8   0x08000fc8   0x00000062   Code   RO          346    .text               delay.o
    0x0800102a   0x0800102a   0x00000118   Code   RO          359    .text               sys.o
    0x08001142   0x08001142   0x00000002   PAD
    0x08001144   0x08001144   0x00000494   Code   RO          375    .text               usart.o
    0x080015d8   0x080015d8   0x000003ac   Code   RO          403    .text               rtc.o
    0x08001984   0x08001984   0x00000258   Code   RO          422    .text               iic.o
    0x08001bdc   0x08001bdc   0x00000120   Code   RO          434    .text               adc.o
    0x08001cfc   0x08001cfc   0x00000134   Code   RO          452    .text               tim.o
    0x08001e30   0x08001e30   0x00000024   Code   RO          478    .text               startup_stm32f10x_hd.o
    0x08001e54   0x08001e54   0x000000dc   Code   RO          482    .text               misc.o
    0x08001f30   0x08001f30   0x0000035c   Code   RO          494    .text               stm32f10x_gpio.o
    0x0800228c   0x0800228c   0x000003a8   Code   RO          506    .text               stm32f10x_rcc.o
    0x08002634   0x08002634   0x00000408   Code   RO          520    .text               stm32f10x_usart.o
    0x08002a3c   0x08002a3c   0x000000c4   Code   RO          532    .text               stm32f10x_bkp.o
    0x08002b00   0x08002b00   0x00000148   Code   RO          544    .text               stm32f10x_rtc.o
    0x08002c48   0x08002c48   0x000005bc   Code   RO          556    .text               stm32f10x_flash.o
    0x08003204   0x08003204   0x000000cc   Code   RO          568    .text               stm32f10x_pwr.o
    0x080032d0   0x080032d0   0x0000044e   Code   RO          580    .text               stm32f10x_adc.o
    0x0800371e   0x0800371e   0x00000002   PAD
    0x08003720   0x08003720   0x00000254   Code   RO          592    .text               stm32f10x_dma.o
    0x08003974   0x08003974   0x00000e1a   Code   RO          604    .text               stm32f10x_tim.o
    0x0800478e   0x0800478e   0x00000002   PAD
    0x08004790   0x08004790   0x000006a4   Code   RO          616    .text               mcu_api.o
    0x08004e34   0x08004e34   0x000003e4   Code   RO          632    .text               protocol.o
    0x08005218   0x08005218   0x00000514   Code   RO          652    .text               system.o
    0x0800572c   0x0800572c   0x00000006   Code   RO          672    .text               jansson_config.o
    0x08005732   0x08005732   0x0000002c   Code   RO         1710    .text               mc_w.l(uidiv.o)
    0x0800575e   0x0800575e   0x00000040   Code   RO         1716    .text               mc_w.l(memmovea.o)
    0x0800579e   0x0800579e   0x00000024   Code   RO         1718    .text               mc_w.l(memseta.o)
    0x080057c2   0x080057c2   0x0000000e   Code   RO         1722    .text               mc_w.l(strlen.o)
    0x080057d0   0x080057d0   0x0000001c   Code   RO         1724    .text               mc_w.l(strcmp.o)
    0x080057ec   0x080057ec   0x00000014   Code   RO         1726    .text               mc_w.l(memchr.o)
    0x08005800   0x08005800   0x00000012   Code   RO         1730    .text               mc_w.l(strcpy.o)
    0x08005812   0x08005812   0x00000004   Code   RO         2034    .text               mc_w.l(strtoll.o)
    0x08005816   0x08005816   0x0000014e   Code   RO         2036    .text               mf_w.l(dadd.o)
    0x08005964   0x08005964   0x000000e4   Code   RO         2038    .text               mf_w.l(dmul.o)
    0x08005a48   0x08005a48   0x000000de   Code   RO         2040    .text               mf_w.l(ddiv.o)
    0x08005b26   0x08005b26   0x00000022   Code   RO         2042    .text               mf_w.l(dflti.o)
    0x08005b48   0x08005b48   0x0000001a   Code   RO         2044    .text               mf_w.l(dfltui.o)
    0x08005b62   0x08005b62   0x00000028   Code   RO         2048    .text               mf_w.l(ffixui.o)
    0x08005b8a   0x08005b8a   0x00000032   Code   RO         2050    .text               mf_w.l(dfixui.o)
    0x08005bbc   0x08005bbc   0x00000026   Code   RO         2052    .text               mf_w.l(f2d.o)
    0x08005be2   0x08005be2   0x00000002   PAD
    0x08005be4   0x08005be4   0x00000030   Code   RO         2054    .text               mf_w.l(cdcmple.o)
    0x08005c14   0x08005c14   0x00000030   Code   RO         2056    .text               mf_w.l(cdrcmple.o)
    0x08005c44   0x08005c44   0x00000038   Code   RO         2058    .text               mf_w.l(d2f.o)
    0x08005c7c   0x08005c7c   0x00000014   Code   RO         2060    .text               mf_w.l(cfcmple.o)
    0x08005c90   0x08005c90   0x00000062   Code   RO         2077    .text               mc_w.l(uldiv.o)
    0x08005cf2   0x08005cf2   0x0000001e   Code   RO         2079    .text               mc_w.l(llshl.o)
    0x08005d10   0x08005d10   0x00000020   Code   RO         2081    .text               mc_w.l(llushr.o)
    0x08005d30   0x08005d30   0x00000024   Code   RO         2083    .text               mc_w.l(llsshr.o)
    0x08005d54   0x08005d54   0x0000009c   Code   RO         2087    .text               mc_w.l(strtod.o)
    0x08005df0   0x08005df0   0x00000090   Code   RO         2089    .text               mc_w.l(__strtoll.o)
    0x08005e80   0x08005e80   0x00000000   Code   RO         2091    .text               mc_w.l(iusefp.o)
    0x08005e80   0x08005e80   0x0000006e   Code   RO         2093    .text               mf_w.l(fepilogue.o)
    0x08005eee   0x08005eee   0x000000ba   Code   RO         2095    .text               mf_w.l(depilogue.o)
    0x08005fa8   0x08005fa8   0x00000030   Code   RO         2097    .text               mf_w.l(dfixul.o)
    0x08005fd8   0x08005fd8   0x00000024   Code   RO         2099    .text               mc_w.l(init.o)
    0x08005ffc   0x08005ffc   0x00000008   Code   RO         2103    .text               mc_w.l(ctype_o.o)
    0x08006004   0x08006004   0x00000012   Code   RO         2125    .text               mc_w.l(isspace_o.o)
    0x08006016   0x08006016   0x00000002   PAD
    0x08006018   0x08006018   0x00000360   Code   RO         2131    .text               mc_w.l(scanf_fp.o)
    0x08006378   0x08006378   0x00000040   Code   RO         2135    .text               mc_w.l(_sgetc.o)
    0x080063b8   0x080063b8   0x000000c2   Code   RO         2137    .text               mc_w.l(_strtoull.o)
    0x0800647a   0x0800647a   0x0000001c   Code   RO         2142    .text               mc_w.l(_chval.o)
    0x08006496   0x08006496   0x00000018   Code   RO         2144    .text               mf_w.l(dfltul.o)
    0x080064ae   0x080064ae   0x00000056   Code   RO         2154    .text               mc_w.l(__dczerorl2.o)
    0x08006504   0x08006504   0x00000030   Code   RO         1972    i.__0snprintf       mc_w.l(printfa.o)
    0x08006534   0x08006534   0x00000028   Code   RO         1973    i.__0sprintf        mc_w.l(printfa.o)
    0x0800655c   0x0800655c   0x0000002c   Code   RO         1976    i.__0vsnprintf      mc_w.l(printfa.o)
    0x08006588   0x08006588   0x0000001a   Code   RO         1456    i.__ARM_common_switch8  jansson_CM3LE.lib(hashtable.o)
    0x080065a2   0x080065a2   0x00000016   Code   RO         1227    i.__ARM_isinf       jansson_CM3LE.lib(value.o)
    0x080065b8   0x080065b8   0x00000018   Code   RO         1232    i.__ARM_isnan       jansson_CM3LE.lib(value.o)
    0x080065d0   0x080065d0   0x00000008   Code   RO         2027    i.__aeabi_errno_addr  mc_w.l(errno.o)
    0x080065d8   0x080065d8   0x0000000e   Code   RO         2148    i.__scatterload_copy  mc_w.l(handlers.o)
    0x080065e6   0x080065e6   0x00000002   Code   RO         2149    i.__scatterload_null  mc_w.l(handlers.o)
    0x080065e8   0x080065e8   0x0000000e   Code   RO         2150    i.__scatterload_zeroinit  mc_w.l(handlers.o)
    0x080065f6   0x080065f6   0x00000002   PAD
    0x080065f8   0x080065f8   0x00000184   Code   RO         1978    i._fp_digits        mc_w.l(printfa.o)
    0x0800677c   0x0800677c   0x0000000e   Code   RO         2133    i._is_digit         mc_w.l(scanf_fp.o)
    0x0800678a   0x0800678a   0x00000002   PAD
    0x0800678c   0x0800678c   0x000006dc   Code   RO         1979    i._printf_core      mc_w.l(printfa.o)
    0x08006e68   0x08006e68   0x00000024   Code   RO         1980    i._printf_post_padding  mc_w.l(printfa.o)
    0x08006e8c   0x08006e8c   0x0000002e   Code   RO         1981    i._printf_pre_padding  mc_w.l(printfa.o)
    0x08006eba   0x08006eba   0x00000016   Code   RO         1982    i._snputc           mc_w.l(printfa.o)
    0x08006ed0   0x08006ed0   0x0000000a   Code   RO         1983    i._sputc            mc_w.l(printfa.o)
    0x08006eda   0x08006eda   0x00000018   Code   RO          881    i.array_copy        jansson_CM3LE.lib(value.o)
    0x08006ef2   0x08006ef2   0x00000016   Code   RO         1331    i.bucket_is_empty   jansson_CM3LE.lib(hashtable.o)
    0x08006f08   0x08006f08   0x0000004c   Code   RO          686    i.decode_unicode_escape  jansson_CM3LE.lib(load.o)
    0x08006f54   0x08006f54   0x000000c0   Code   RO          687    i.error_set         jansson_CM3LE.lib(load.o)
    0x08007014   0x08007014   0x00000050   Code   RO         1999    i.free              mc_w.l(malloc.o)
    0x08007064   0x08007064   0x00000144   Code   RO         1332    i.hashlittle        jansson_CM3LE.lib(hashtable.o)
    0x080071a8   0x080071a8   0x00000010   Code   RO         1334    i.hashtable_close   jansson_CM3LE.lib(hashtable.o)
    0x080071b8   0x080071b8   0x00000022   Code   RO         1336    i.hashtable_do_clear  jansson_CM3LE.lib(hashtable.o)
    0x080071da   0x080071da   0x00000076   Code   RO         1338    i.hashtable_do_rehash  jansson_CM3LE.lib(hashtable.o)
    0x08007250   0x08007250   0x0000003c   Code   RO         1339    i.hashtable_find_pair  jansson_CM3LE.lib(hashtable.o)
    0x0800728c   0x0800728c   0x00000040   Code   RO         1340    i.hashtable_get     jansson_CM3LE.lib(hashtable.o)
    0x080072cc   0x080072cc   0x00000048   Code   RO         1341    i.hashtable_init    jansson_CM3LE.lib(hashtable.o)
    0x08007314   0x08007314   0x000000ac   Code   RO         1349    i.hashtable_set     jansson_CM3LE.lib(hashtable.o)
    0x080073c0   0x080073c0   0x0000002a   Code   RO         1350    i.insert_to_bucket  jansson_CM3LE.lib(hashtable.o)
    0x080073ea   0x080073ea   0x00000036   Code   RO          883    i.json_array        jansson_CM3LE.lib(value.o)
    0x08007420   0x08007420   0x00000048   Code   RO          884    i.json_array_append_new  jansson_CM3LE.lib(value.o)
    0x08007468   0x08007468   0x0000004c   Code   RO          888    i.json_array_grow   jansson_CM3LE.lib(value.o)
    0x080074b4   0x080074b4   0x00000018   Code   RO          688    i.json_decref       jansson_CM3LE.lib(load.o)
    0x080074cc   0x080074cc   0x00000018   Code   RO          894    i.json_decref       jansson_CM3LE.lib(value.o)
    0x080074e4   0x080074e4   0x00000018   Code   RO         1351    i.json_decref       jansson_CM3LE.lib(hashtable.o)
    0x080074fc   0x080074fc   0x00000054   Code   RO          896    i.json_delete       jansson_CM3LE.lib(value.o)
    0x08007550   0x08007550   0x00000008   Code   RO          898    i.json_false        jansson_CM3LE.lib(value.o)
    0x08007558   0x08007558   0x00000010   Code   RO          689    i.json_incref       jansson_CM3LE.lib(load.o)
    0x08007568   0x08007568   0x0000001c   Code   RO          900    i.json_integer      jansson_CM3LE.lib(value.o)
    0x08007584   0x08007584   0x00000018   Code   RO          902    i.json_integer_value  jansson_CM3LE.lib(value.o)
    0x0800759c   0x0800759c   0x00000074   Code   RO          694    i.json_loads        jansson_CM3LE.lib(load.o)
    0x08007610   0x08007610   0x00000008   Code   RO          903    i.json_null         jansson_CM3LE.lib(value.o)
    0x08007618   0x08007618   0x0000004c   Code   RO          905    i.json_object       jansson_CM3LE.lib(value.o)
    0x08007664   0x08007664   0x0000001c   Code   RO          910    i.json_object_get   jansson_CM3LE.lib(value.o)
    0x08007680   0x08007680   0x00000028   Code   RO         1669    i.json_object_seed  jansson_CM3LE.lib(hashtable_seed.o)
    0x080076a8   0x080076a8   0x00000040   Code   RO          919    i.json_object_set_new_nocheck  jansson_CM3LE.lib(value.o)
    0x080076e8   0x080076e8   0x00000034   Code   RO          925    i.json_real         jansson_CM3LE.lib(value.o)
    0x0800771c   0x0800771c   0x00000008   Code   RO          939    i.json_true         jansson_CM3LE.lib(value.o)
    0x08007724   0x08007724   0x00000022   Code   RO         1276    i.jsonp_error_init  jansson_CM3LE.lib(error.o)
    0x08007746   0x08007746   0x00000010   Code   RO         1277    i.jsonp_error_set   jansson_CM3LE.lib(error.o)
    0x08007756   0x08007756   0x00000002   PAD
    0x08007758   0x08007758   0x0000003c   Code   RO         1278    i.jsonp_error_set_source  jansson_CM3LE.lib(error.o)
    0x08007794   0x08007794   0x0000002c   Code   RO         1279    i.jsonp_error_vset  jansson_CM3LE.lib(error.o)
    0x080077c0   0x080077c0   0x00000010   Code   RO         1491    i.jsonp_free        jansson_CM3LE.lib(memory.o)
    0x080077d0   0x080077d0   0x00000010   Code   RO         1492    i.jsonp_malloc      jansson_CM3LE.lib(memory.o)
    0x080077e0   0x080077e0   0x0000000a   Code   RO          940    i.jsonp_stringn_nocheck_own  jansson_CM3LE.lib(value.o)
    0x080077ea   0x080077ea   0x00000024   Code   RO         1494    i.jsonp_strndup     jansson_CM3LE.lib(memory.o)
    0x0800780e   0x0800780e   0x00000002   PAD
    0x08007810   0x08007810   0x00000064   Code   RO         1597    i.jsonp_strtod      jansson_CM3LE.lib(strconv.o)
    0x08007874   0x08007874   0x0000001c   Code   RO          695    i.lex_close         jansson_CM3LE.lib(load.o)
    0x08007890   0x08007890   0x00000012   Code   RO          696    i.lex_free_string   jansson_CM3LE.lib(load.o)
    0x080078a2   0x080078a2   0x00000008   Code   RO          697    i.lex_get           jansson_CM3LE.lib(load.o)
    0x080078aa   0x080078aa   0x0000001e   Code   RO          698    i.lex_get_save      jansson_CM3LE.lib(load.o)
    0x080078c8   0x080078c8   0x00000030   Code   RO          699    i.lex_init          jansson_CM3LE.lib(load.o)
    0x080078f8   0x080078f8   0x0000000c   Code   RO          700    i.lex_save          jansson_CM3LE.lib(load.o)
    0x08007904   0x08007904   0x00000138   Code   RO          701    i.lex_scan          jansson_CM3LE.lib(load.o)
    0x08007a3c   0x08007a3c   0x0000018c   Code   RO          702    i.lex_scan_number   jansson_CM3LE.lib(load.o)
    0x08007bc8   0x08007bc8   0x00000288   Code   RO          703    i.lex_scan_string   jansson_CM3LE.lib(load.o)
    0x08007e50   0x08007e50   0x00000026   Code   RO          704    i.lex_unget_unsave  jansson_CM3LE.lib(load.o)
    0x08007e76   0x08007e76   0x0000000e   Code   RO         1352    i.list_insert       jansson_CM3LE.lib(hashtable.o)
    0x08007e84   0x08007e84   0x0000006c   Code   RO         2000    i.malloc            mc_w.l(malloc.o)
    0x08007ef0   0x08007ef0   0x00000094   Code   RO          705    i.parse_array       jansson_CM3LE.lib(load.o)
    0x08007f84   0x08007f84   0x00000094   Code   RO          706    i.parse_json        jansson_CM3LE.lib(load.o)
    0x08008018   0x08008018   0x00000180   Code   RO          707    i.parse_object      jansson_CM3LE.lib(load.o)
    0x08008198   0x08008198   0x00000140   Code   RO          708    i.parse_value       jansson_CM3LE.lib(load.o)
    0x080082d8   0x080082d8   0x0000000c   Code   RO         1537    i.strbuffer_append_byte  jansson_CM3LE.lib(strbuffer.o)
    0x080082e4   0x080082e4   0x00000070   Code   RO         1538    i.strbuffer_append_bytes  jansson_CM3LE.lib(strbuffer.o)
    0x08008354   0x08008354   0x0000000a   Code   RO         1539    i.strbuffer_clear   jansson_CM3LE.lib(strbuffer.o)
    0x0800835e   0x0800835e   0x00000018   Code   RO         1540    i.strbuffer_close   jansson_CM3LE.lib(strbuffer.o)
    0x08008376   0x08008376   0x00000022   Code   RO         1541    i.strbuffer_init    jansson_CM3LE.lib(strbuffer.o)
    0x08008398   0x08008398   0x00000018   Code   RO         1542    i.strbuffer_pop     jansson_CM3LE.lib(strbuffer.o)
    0x080083b0   0x080083b0   0x00000004   Code   RO         1544    i.strbuffer_value   jansson_CM3LE.lib(strbuffer.o)
    0x080083b4   0x080083b4   0x000000e4   Code   RO          709    i.stream_get        jansson_CM3LE.lib(load.o)
    0x08008498   0x08008498   0x0000004a   Code   RO          710    i.stream_unget      jansson_CM3LE.lib(load.o)
    0x080084e2   0x080084e2   0x0000003e   Code   RO          941    i.string_create     jansson_CM3LE.lib(value.o)
    0x08008520   0x08008520   0x00000018   Code   RO          711    i.string_get        jansson_CM3LE.lib(load.o)
    0x08008538   0x08008538   0x0000001c   Code   RO         1688    i.strtod            m_ws.l(strtod.o)
    0x08008554   0x08008554   0x0000003c   Code   RO         1633    i.utf8_check_first  jansson_CM3LE.lib(utf.o)
    0x08008590   0x08008590   0x00000088   Code   RO         1634    i.utf8_check_full   jansson_CM3LE.lib(utf.o)
    0x08008618   0x08008618   0x0000007c   Code   RO         1636    i.utf8_encode       jansson_CM3LE.lib(utf.o)
    0x08008694   0x08008694   0x00000004   Data   RO          251    .constdata          03wtc.o
    0x08008698   0x08008698   0x00000018   Data   RO          404    .constdata          rtc.o
    0x080086b0   0x080086b0   0x00000016   Data   RO          633    .constdata          protocol.o
    0x080086c6   0x080086c6   0x00000081   Data   RO         2104    .constdata          mc_w.l(ctype_o.o)
    0x08008747   0x08008747   0x00000001   PAD
    0x08008748   0x08008748   0x00000004   Data   RO         2105    .constdata          mc_w.l(ctype_o.o)
    0x0800874c   0x0800874c   0x00000025   Data   RO          634    .conststring        protocol.o
    0x08008771   0x08008771   0x00000003   PAD
    0x08008774   0x08008774   0x00000020   Data   RO         2146    Region$$Table       anon$$obj.o


    Execution Region RW_IRAM1 (Exec base: 0x20000000, Load base: 0x08008794, Size: 0x00001e28, Max: 0x00005000, ABSOLUTE, COMPRESSED[0x000001e0])

    Exec Addr    Load Addr    Size         Type   Attr      Idx    E Section Name        Object

    0x20000000   COMPRESSED   0x00000002   Data   RW            2    .data               main.o
    0x20000002   COMPRESSED   0x00000002   PAD
    0x20000004   COMPRESSED   0x00000014   Data   RW          209    .data               system_stm32f10x.o
    0x20000018   COMPRESSED   0x00000005   Data   RW          252    .data               03wtc.o
    0x2000001d   COMPRESSED   0x0000000a   Data   RW          270    .data               sht31.o
    0x20000027   COMPRESSED   0x0000015d   Data   RW          288    .data               logic.o
    0x20000184   COMPRESSED   0x0000000c   Data   RW          323    .data               ble.o
    0x20000190   COMPRESSED   0x0000000b   Data   RW          377    .data               usart.o
    0x2000019b   COMPRESSED   0x00000001   PAD
    0x2000019c   COMPRESSED   0x0000000a   Data   RW          405    .data               rtc.o
    0x200001a6   COMPRESSED   0x00000004   Data   RW          435    .data               adc.o
    0x200001aa   COMPRESSED   0x00000001   Data   RW          453    .data               tim.o
    0x200001ab   COMPRESSED   0x00000014   Data   RW          507    .data               stm32f10x_rcc.o
    0x200001bf   COMPRESSED   0x00000001   PAD
    0x200001c0   COMPRESSED   0x00000002   Data   RW          617    .data               mcu_api.o
    0x200001c2   COMPRESSED   0x00000002   PAD
    0x200001c4   COMPRESSED   0x00000214   Data   RW          635    .data               protocol.o
    0x200003d8   COMPRESSED   0x0000000e   Data   RW          654    .data               system.o
    0x200003e6   COMPRESSED   0x00000002   PAD
    0x200003e8   COMPRESSED   0x00000018   Data   RW          942    .data               jansson_CM3LE.lib(value.o)
    0x20000400   COMPRESSED   0x00000008   Data   RW         1495    .data               jansson_CM3LE.lib(memory.o)
    0x20000408   COMPRESSED   0x00000004   Data   RW         1670    .data               jansson_CM3LE.lib(hashtable_seed.o)
    0x2000040c   COMPRESSED   0x00000004   Data   RW         2030    .data               mc_w.l(errno.o)
    0x20000410   COMPRESSED   0x00000004   Data   RW         2085    .data               mc_w.l(mvars.o)
    0x20000414   COMPRESSED   0x00000004   Data   RW         2086    .data               mc_w.l(mvars.o)
    0x20000418        -       0x000001f4   Zero   RW          376    .bss                usart.o
    0x2000060c        -       0x00000a15   Zero   RW          653    .bss                system.o
    0x20001021   COMPRESSED   0x00000007   PAD
    0x20001028        -       0x00000200   Zero   RW          476    HEAP                startup_stm32f10x_hd.o
    0x20001228        -       0x00000c00   Zero   RW          475    STACK               startup_stm32f10x_hd.o


==============================================================================

Image component sizes


      Code (inc. data)   RO Data    RW Data    ZI Data      Debug   Object Name

       708          8          4          5          0       6603   03wtc.o
       288         16          0          4          0       1640   adc.o
       528         90          0         12          0       5443   ble.o
        98          0          0          0          0        864   delay.o
       600         14          0          0          0       1876   iic.o
         6          0          0          0          0       1030   jansson_config.o
      1408        142          0        349          0       5761   logic.o
       168         10          0          2          0     279501   main.o
      1700         62          0          2          0       8114   mcu_api.o
       220         22          0          0          0       1941   misc.o
       996         82         59        532          0       6162   protocol.o
       940         56         24         10          0       3684   rtc.o
       396         14          0         10          0       2345   sht31.o
        36          8        304          0       3584        804   startup_stm32f10x_hd.o
      1102         26          0          0          0      11181   stm32f10x_adc.o
       196          8          0          0          0       3640   stm32f10x_bkp.o
       596          8          0          0          0       4502   stm32f10x_dma.o
      1468         34          0          0          0       8346   stm32f10x_flash.o
       860         38          0          0          0       5873   stm32f10x_gpio.o
        26          0          0          0          0       1190   stm32f10x_it.o
       204         14          0          0          0       1963   stm32f10x_pwr.o
       936         38          0         20          0       9056   stm32f10x_rcc.o
       328          4          0          0          0       2734   stm32f10x_rtc.o
      3610         88          0          0          0      22980   stm32f10x_tim.o
      1032         22          0          0          0       8596   stm32f10x_usart.o
       280          0          0          0          0       1200   sys.o
      1300        128          0         14       2581       6582   system.o
       480         36          0         20          0       1891   system_stm32f10x.o
       308         18          0          1          0       1230   tim.o
      1172         66          0         11        500       5754   usart.o

    ----------------------------------------------------------------------
     21998       1052        426       1000       6672     422486   Object Totals
         0          0         32          0          0          0   (incl. Generated)
         8          0          3          8          7          0   (incl. Padding)

    ----------------------------------------------------------------------

      Code (inc. data)   RO Data    RW Data    ZI Data      Debug   Library Member Name

       154          4          0          0          0       6477   error.o
       988         32          0          0          0      15308   hashtable.o
        40          6          0          4          0       1280   hashtable_seed.o
      3288        680          0          0          0      24773   load.o
        68          8          0          8          0       5614   memory.o
       220          4          0          0          0       4432   strbuffer.o
       100         10          0          0          0       1151   strconv.o
       320         14          0          0          0       2507   utf.o
       748         32          0         24          0      20050   value.o
        28          0          0          0          0         80   strtod.o
        86          0          0          0          0          0   __dczerorl2.o
       144          0          0          0          0         88   __strtoll.o
        28          0          0          0          0         68   _chval.o
        64          0          0          0          0         84   _sgetc.o
       194          0          0          0          0         96   _strtoull.o
         8          4        133          0          0         68   ctype_o.o
         0          0          0          0          0          0   entry.o
         0          0          0          0          0          0   entry10a.o
         0          0          0          0          0          0   entry11a.o
         8          4          0          0          0          0   entry2.o
         4          0          0          0          0          0   entry5.o
         0          0          0          0          0          0   entry7b.o
         0          0          0          0          0          0   entry8b.o
         8          4          0          0          0          0   entry9a.o
         8          4          0          4          0         68   errno.o
        30          0          0          0          0          0   handlers.o
        36          8          0          0          0         68   init.o
        18          0          0          0          0         76   isspace_o.o
         0          0          0          0          0          0   iusefp.o
        30          0          0          0          0         68   llshl.o
        36          0          0          0          0         68   llsshr.o
        32          0          0          0          0         68   llushr.o
       188         20          0          0          0        160   malloc.o
        20          0          0          0          0         68   memchr.o
        64          0          0          0          0         76   memmovea.o
        36          0          0          0          0        108   memseta.o
         0          0          0          8          0          0   mvars.o
      2390         94          0          0          0        752   printfa.o
       878         12          0          0          0        216   scanf_fp.o
        28          0          0          0          0         76   strcmp.o
        18          0          0          0          0         68   strcpy.o
        14          0          0          0          0         68   strlen.o
       156         12          0          0          0        120   strtod.o
         4          0          0          0          0         68   strtoll.o
        44          0          0          0          0         80   uidiv.o
        98          0          0          0          0         92   uldiv.o
        48          0          0          0          0         68   cdcmple.o
        48          0          0          0          0         68   cdrcmple.o
        20          0          0          0          0         68   cfcmple.o
        56          0          0          0          0         88   d2f.o
       334          0          0          0          0        148   dadd.o
       222          0          0          0          0        100   ddiv.o
       186          0          0          0          0        176   depilogue.o
        50          0          0          0          0         76   dfixui.o
        48          0          0          0          0         68   dfixul.o
        34          0          0          0          0         76   dflti.o
        26          0          0          0          0         76   dfltui.o
        24          0          0          0          0         76   dfltul.o
       228          0          0          0          0         96   dmul.o
        38          0          0          0          0         68   f2d.o
       110          0          0          0          0        168   fepilogue.o
        40          0          0          0          0         68   ffixui.o

    ----------------------------------------------------------------------
     12150        952        134         48          0      85932   Library Totals
        12          0          1          0          0          0   (incl. Padding)

    ----------------------------------------------------------------------

      Code (inc. data)   RO Data    RW Data    ZI Data      Debug   Library Name

      5926        790          0         36          0      81592   jansson_CM3LE.lib
        28          0          0          0          0         80   m_ws.l
      4672        162        133         12          0       2772   mc_w.l
      1512          0          0          0          0       1488   mf_w.l

    ----------------------------------------------------------------------
     12150        952        134         48          0      85932   Library Totals

    ----------------------------------------------------------------------

==============================================================================


      Code (inc. data)   RO Data    RW Data    ZI Data      Debug   

     34148       2004        560       1048       6672     499938   Grand Totals
     34148       2004        560        480       6672     499938   ELF Image Totals (compressed)
     34148       2004        560        480          0          0   ROM Totals

==============================================================================

    Total RO  Size (Code + RO Data)                34708 (  33.89kB)
    Total RW  Size (RW Data + ZI Data)              7720 (   7.54kB)
    Total ROM Size (Code + RO Data + RW Data)      35188 (  34.36kB)

==============================================================================

