<html>
<body>
<pre>
<h1>礦ision Build Log</h1>
<h2>Tool Versions:</h2>
IDE-Version: μVision V5.31.0.0
Copyright (C) 2020 ARM Ltd and ARM Germany GmbH. All rights reserved.
License Information: 1 Administrator, 1, LIC=32B1Q-NN9CB-DYSV3-A7WNP-LD2AP-X2KZY
 
Tool Versions:
Toolchain:       MDK-ARM Plus  Version: 5.31.0.0
Toolchain Path:  C:\Keil_v5\ARM\ARMCC\Bin
C Compiler:      Armcc.exe V5.06 update 6 (build 750)
Assembler:       Armasm.exe V5.06 update 6 (build 750)
Linker/Locator:  ArmLink.exe V5.06 update 6 (build 750)
Library Manager: ArmAr.exe V5.06 update 6 (build 750)
Hex Converter:   FromElf.exe V5.06 update 6 (build 750)
CPU DLL:         SARMCM3.DLL V5.31.0.0
Dialog DLL:      DCM.DLL V1.17.3.0
Target DLL:      STLink\ST-LINKIII-KEIL_SWO.dll V3.0.7.0
Dialog DLL:      TCM.DLL V1.46.0.0
 
<h2>Project:</h2>
C:\Users\Administrator\Desktop\TUYA\Tuya_serson\Tuya stm32project\USER\USART.uvprojx
Project File Date:  02/06/2021

<h2>Output:</h2>
*** Using Compiler 'V5.06 update 6 (build 750)', folder: 'C:\Keil_v5\ARM\ARMCC\Bin'
Build target 'USART'
compiling ble.c...
compiling 03WTC.c...
compiling tim.c...
..\HARDWARE\LOGIC\logic.h(6): warning:  #1295-D: Deprecated declaration LED_config - give arg types
  void LED_config();//联动灯控制
..\HARDWARE\LOGIC\logic.h(7): warning:  #1295-D: Deprecated declaration Lock_config - give arg types
  void Lock_config();//屏保控制
..\HARDWARE\LOGIC\logic.h(8): warning:  #1295-D: Deprecated declaration Light_config - give arg types
  void Light_config();//亮度控制
..\SYSTEM\tim\tim.c(30): warning:  #188-D: enumerated type mixed with another type
      RCC_APB1PeriphClockCmd(RCC_APB1Periph_TIM3,ENABLE);//使能TIM3时钟
..\SYSTEM\tim\tim.c(37): warning:  #188-D: enumerated type mixed with another type
      TIM_ITConfig(TIM3, TIM_IT_Update, ENABLE);//使能TIM3中断    
..\SYSTEM\tim\tim.c(38): warning:  #188-D: enumerated type mixed with another type
      TIM_Cmd(TIM3,ENABLE); //使能TIM3
..\SYSTEM\tim\tim.c(44): warning:  #188-D: enumerated type mixed with another type
      RCC_APB1PeriphClockCmd(RCC_APB1Periph_TIM4,ENABLE);//使能TIM4时钟
..\SYSTEM\tim\tim.c(51): warning:  #188-D: enumerated type mixed with another type
      TIM_ITConfig(TIM4, TIM_IT_Update, ENABLE);//使能TIM4中断    
..\SYSTEM\tim\tim.c(52): warning:  #188-D: enumerated type mixed with another type
      TIM_Cmd(TIM4,ENABLE); //使能TIM4
..\SYSTEM\tim\tim.c: 9 warnings, 0 errors
compiling SHT31.c...
compiling usart.c...
..\HARDWARE\LOGIC\logic.h(6): warning:  #1295-D: Deprecated declaration LED_config - give arg types
  void LED_config();//联动灯控制
..\HARDWARE\LOGIC\logic.h(7): warning:  #1295-D: Deprecated declaration Lock_config - give arg types
  void Lock_config();//屏保控制
..\HARDWARE\LOGIC\logic.h(8): warning:  #1295-D: Deprecated declaration Light_config - give arg types
  void Light_config();//亮度控制
..\SYSTEM\usart\usart.c: 3 warnings, 0 errors
compiling rtc.c...
..\HARDWARE\LOGIC\logic.h(6): warning:  #1295-D: Deprecated declaration LED_config - give arg types
  void LED_config();//联动灯控制
..\HARDWARE\LOGIC\logic.h(7): warning:  #1295-D: Deprecated declaration Lock_config - give arg types
  void Lock_config();//屏保控制
..\HARDWARE\LOGIC\logic.h(8): warning:  #1295-D: Deprecated declaration Light_config - give arg types
  void Light_config();//亮度控制
..\SYSTEM\rtc\rtc.c: 3 warnings, 0 errors
compiling protocol.c...
..\HARDWARE\LOGIC\logic.h(6): warning:  #1295-D: Deprecated declaration LED_config - give arg types
  void LED_config();//联动灯控制
..\HARDWARE\LOGIC\logic.h(7): warning:  #1295-D: Deprecated declaration Lock_config - give arg types
  void Lock_config();//屏保控制
..\HARDWARE\LOGIC\logic.h(8): warning:  #1295-D: Deprecated declaration Light_config - give arg types
  void Light_config();//亮度控制
..\TUYA\protocol.c(953): warning:  #177-D: variable "time_type"  was declared but never referenced
              unsigned char time_type = value[1]; //0x00:鏍兼灄鏃堕棿  0x01:鏈湴鏃堕棿
..\TUYA\protocol.c: 4 warnings, 0 errors
compiling logic.c...
..\HARDWARE\LOGIC\logic.h(6): warning:  #1295-D: Deprecated declaration LED_config - give arg types
  void LED_config();//联动灯控制
..\HARDWARE\LOGIC\logic.h(7): warning:  #1295-D: Deprecated declaration Lock_config - give arg types
  void Lock_config();//屏保控制
..\HARDWARE\LOGIC\logic.h(8): warning:  #1295-D: Deprecated declaration Light_config - give arg types
  void Light_config();//亮度控制
..\HARDWARE\LOGIC\logic.c(403): warning:  #1-D: last line of file ends without a newline
  	
..\HARDWARE\LOGIC\logic.c: 4 warnings, 0 errors
compiling main.c...
linking...
Program Size: Code=34148 RO-data=560 RW-data=1048 ZI-data=6672  
FromELF: creating hex file...
"..\OBJ\USART.axf" - 0 Error(s), 23 Warning(s).

<h2>Software Packages used:</h2>

Package Vendor: Keil
                http://www.keil.com/pack/Keil.Jansson.1.0.0.pack
                Keil.Jansson.1.0.0
                Jansson is a C library for encoding, decoding and manipulating JSON data
   * Component: Jansson Version: 2.7.0

Package Vendor: Keil
                http://www.keil.com/pack/Keil.STM32F1xx_DFP.1.0.5.pack
                Keil.STM32F1xx_DFP.1.0.5
                STMicroelectronics STM32F1 Series Device Support, Drivers and Examples

<h2>Collection of Component include folders:</h2>
  .\RTE\_USART
  C:\Users\Administrator\AppData\Local\Arm\Packs\Keil\Jansson\1.0.0\src
  C:\Users\Administrator\AppData\Local\Arm\Packs\Keil\STM32F1xx_DFP\1.0.5\Device\Include

<h2>Collection of Component Files used:</h2>

   * Component: Keil::Data Exchange:JSON:Jansson:2.7.0
      Library file:  lib\jansson_CM3LE.lib
      Source file:   src\jansson_config.c
      Include file:  src\jansson.h
Build Time Elapsed:  00:00:03
</pre>
</body>
</html>
